[1784707830.513] START  max_waypoints=80  threshold=1.05  stuck_timeout=12.0s  max_skips=25
[1784707830.522] WP_SET  target=(1.10,-1.30)  robot=(0.00,0.00)  dist=1.70
[1784707834.787] WP_SKIP  target=(1.10,-1.30)  robot=(0.22,-0.96)  elapsed=4.3s  best_nav_dist=inf  last_nav_dist=inf  consecutive=1
[1784707834.789] WP_SET  target=(-1.30,-0.30)  robot=(0.22,-0.96)  dist=1.65
[1784707837.179] WP_ADVANCE  target=(-1.30,-0.30)  nav_dist=0.90  visited=1
[1784707837.194] WP_SET  target=(0.30,-1.10)  robot=(0.21,-1.15)  dist=0.10
[1784707838.332] WP_ADVANCE  target=(0.30,-1.10)  nav_dist=odom  visited=2
[1784707838.332] WP_SET  target=(-1.50,-1.50)  robot=(0.21,-1.15)  dist=1.75
[1784707841.640] WP_ADVANCE  target=(-1.50,-1.50)  nav_dist=0.10  visited=3
[1784707841.656] WP_SET  target=(1.70,-2.10)  robot=(0.20,-1.22)  dist=1.74
[1784707852.958] WP_SKIP  target=(1.70,-2.10)  robot=(0.12,-1.52)  elapsed=11.3s  best_nav_dist=1.66  last_nav_dist=1.68  consecutive=1
[1784707852.959] WP_SET  target=(-1.90,-2.50)  robot=(0.12,-1.52)  dist=2.25
[1784707864.109] WP_SKIP  target=(-1.90,-2.50)  robot=(-0.42,-3.39)  elapsed=11.2s  best_nav_dist=1.67  last_nav_dist=1.74  consecutive=2
[1784707864.110] WP_SET  target=(-0.30,-6.10)  robot=(-0.42,-3.39)  dist=2.71
[1784707868.805] WP_SKIP  target=(-0.30,-6.10)  robot=(-0.47,-4.95)  elapsed=4.7s  best_nav_dist=inf  last_nav_dist=inf  consecutive=3
[1784707868.806] WP_SET  target=(-0.50,-6.10)  robot=(-0.47,-4.95)  dist=1.15
[1784707873.473] WP_ADVANCE  target=(-0.50,-6.10)  nav_dist=1.05  visited=4
[1784707873.494] WP_SET  target=(0.30,-6.10)  robot=(-0.26,-5.08)  dist=1.16
[1784707881.324] WP_ADVANCE  target=(0.30,-6.10)  nav_dist=1.01  visited=5
[1784707881.345] WP_SET  target=(1.50,-6.10)  robot=(-0.00,-5.15)  dist=1.78
[1784707892.127] WP_SKIP  target=(1.50,-6.10)  robot=(0.20,-4.87)  elapsed=10.8s  best_nav_dist=1.77  last_nav_dist=1.79  consecutive=1
[1784707892.129] WP_SET  target=(3.90,-5.90)  robot=(0.20,-4.87)  dist=3.84
[1784707897.108] WP_SKIP  target=(3.90,-5.90)  robot=(0.20,-4.87)  elapsed=5.0s  best_nav_dist=inf  last_nav_dist=inf  consecutive=2
[1784707897.109] WP_SET  target=(3.90,-5.50)  robot=(0.20,-4.87)  dist=3.76
[1784707902.182] WP_SKIP  target=(3.90,-5.50)  robot=(2.13,-4.31)  elapsed=5.1s  best_nav_dist=inf  last_nav_dist=inf  consecutive=3
[1784707902.183] WP_SET  target=(2.90,-6.10)  robot=(2.13,-4.31)  dist=1.95
[1784707906.476] WP_SKIP  target=(2.90,-6.10)  robot=(2.73,-4.61)  elapsed=4.3s  best_nav_dist=inf  last_nav_dist=inf  consecutive=4
[1784707906.477] WP_SET  target=(3.90,-4.50)  robot=(2.73,-4.61)  dist=1.18
[1784707910.656] WP_SKIP  target=(3.90,-4.50)  robot=(2.89,-4.83)  elapsed=4.2s  best_nav_dist=inf  last_nav_dist=inf  consecutive=5
[1784707910.658] WP_SET  target=(3.70,-5.90)  robot=(2.89,-4.83)  dist=1.34
[1784707915.595] WP_SKIP  target=(3.70,-5.90)  robot=(2.92,-4.65)  elapsed=4.9s  best_nav_dist=inf  last_nav_dist=inf  consecutive=6
[1784707915.596] WP_SET  target=(2.50,-6.10)  robot=(2.92,-4.65)  dist=1.51
[1784707919.935] WP_SKIP  target=(2.50,-6.10)  robot=(2.71,-4.58)  elapsed=4.3s  best_nav_dist=inf  last_nav_dist=inf  consecutive=7
[1784707919.936] WP_SET  target=(3.90,-3.50)  robot=(2.71,-4.58)  dist=1.60
[1784707924.404] WP_SKIP  target=(3.90,-3.50)  robot=(2.76,-4.70)  elapsed=4.5s  best_nav_dist=inf  last_nav_dist=inf  consecutive=8
[1784707924.406] WP_SET  target=(3.90,-4.30)  robot=(2.76,-4.70)  dist=1.21
[1784707929.541] WP_SKIP  target=(3.90,-4.30)  robot=(2.88,-4.85)  elapsed=5.1s  best_nav_dist=inf  last_nav_dist=inf  consecutive=9
[1784707929.543] WP_SET  target=(3.90,-5.30)  robot=(2.88,-4.85)  dist=1.12
[1784707933.675] WP_SKIP  target=(3.90,-5.30)  robot=(2.96,-4.78)  elapsed=4.1s  best_nav_dist=inf  last_nav_dist=inf  consecutive=10
[1784707933.676] WP_SET  target=(2.30,-6.10)  robot=(2.96,-4.78)  dist=1.47
[1784707940.941] WP_SKIP  target=(2.30,-6.10)  robot=(2.96,-4.77)  elapsed=7.3s  best_nav_dist=1.08  last_nav_dist=1.08  consecutive=11
[1784707940.942] WP_SET  target=(3.90,-3.90)  robot=(2.96,-4.77)  dist=1.29
[1784707946.054] WP_SKIP  target=(3.90,-3.90)  robot=(2.97,-4.77)  elapsed=5.1s  best_nav_dist=inf  last_nav_dist=inf  consecutive=12
[1784707946.055] WP_SET  target=(3.30,-5.90)  robot=(2.97,-4.77)  dist=1.18
[1784707950.974] WP_SKIP  target=(3.30,-5.90)  robot=(2.97,-4.76)  elapsed=4.9s  best_nav_dist=inf  last_nav_dist=inf  consecutive=13
[1784707950.976] WP_SET  target=(3.90,-2.90)  robot=(2.97,-4.76)  dist=2.08
[1784707958.897] WP_SKIP  target=(3.90,-2.90)  robot=(2.64,-4.57)  elapsed=7.9s  best_nav_dist=1.19  last_nav_dist=1.19  consecutive=14
[1784707958.898] WP_SET  target=(3.90,-5.10)  robot=(2.64,-4.57)  dist=1.37
[1784707967.129] WP_SKIP  target=(3.90,-5.10)  robot=(2.65,-4.60)  elapsed=8.2s  best_nav_dist=1.08  last_nav_dist=1.08  consecutive=15
[1784707967.130] WP_SET  target=(3.90,-1.30)  robot=(2.65,-4.60)  dist=3.53
[1784707972.300] WP_SKIP  target=(3.90,-1.30)  robot=(2.40,-4.39)  elapsed=5.2s  best_nav_dist=inf  last_nav_dist=inf  consecutive=16
[1784707972.301] WP_SET  target=(3.90,-1.50)  robot=(2.40,-4.39)  dist=3.26
[1784707976.651] WP_SKIP  target=(3.90,-1.50)  robot=(2.99,-4.75)  elapsed=4.4s  best_nav_dist=inf  last_nav_dist=inf  consecutive=17
[1784707976.652] WP_SET  target=(3.90,-4.90)  robot=(2.99,-4.75)  dist=0.93
[1784707981.190] WP_SKIP  target=(3.90,-4.90)  robot=(2.88,-4.85)  elapsed=4.5s  best_nav_dist=inf  last_nav_dist=inf  consecutive=18
[1784707981.191] WP_SET  target=(3.90,-3.10)  robot=(2.88,-4.85)  dist=2.03
[1784707982.991] WP_ADVANCE  target=(3.90,-3.10)  nav_dist=1.03  visited=6
[1784707983.009] WP_SET  target=(1.70,-6.10)  robot=(2.88,-4.85)  dist=1.71
[1784707987.918] WP_SKIP  target=(1.70,-6.10)  robot=(2.53,-4.50)  elapsed=4.9s  best_nav_dist=inf  last_nav_dist=inf  consecutive=1
[1784707987.919] WP_SET  target=(2.70,-6.10)  robot=(2.53,-4.50)  dist=1.61
[1784707992.322] WP_SKIP  target=(2.70,-6.10)  robot=(2.98,-4.76)  elapsed=4.4s  best_nav_dist=inf  last_nav_dist=inf  consecutive=2
[1784707992.323] WP_SET  target=(1.30,-6.10)  robot=(2.98,-4.76)  dist=2.15
[1784708000.230] WP_SKIP  target=(1.30,-6.10)  robot=(0.36,-4.98)  elapsed=7.9s  best_nav_dist=1.37  last_nav_dist=1.37  consecutive=3
[1784708000.231] WP_SET  target=(-5.10,-5.10)  robot=(0.36,-4.98)  dist=5.46
[1784708006.903] WP_SKIP  target=(-5.10,-5.10)  robot=(-3.70,-5.24)  elapsed=6.7s  best_nav_dist=1.47  last_nav_dist=1.49  consecutive=4
[1784708006.904] WP_SET  target=(-3.90,-4.50)  robot=(-3.70,-5.24)  dist=0.77
[1784708011.879] WP_SKIP  target=(-3.90,-4.50)  robot=(-3.71,-5.24)  elapsed=5.0s  best_nav_dist=1.41  last_nav_dist=1.41  consecutive=5
[1784708011.880] WP_SET  target=(-3.70,-6.10)  robot=(-3.71,-5.24)  dist=0.86
[1784708014.893] WP_SKIP  target=(-3.70,-6.10)  robot=(-3.71,-5.24)  elapsed=3.0s  best_nav_dist=inf  last_nav_dist=inf  consecutive=6
[1784708014.894] WP_SET  target=(-5.10,-5.30)  robot=(-3.71,-5.24)  dist=1.40
[1784708017.901] WP_SKIP  target=(-5.10,-5.30)  robot=(-3.71,-5.24)  elapsed=3.0s  best_nav_dist=inf  last_nav_dist=inf  consecutive=7
[1784708017.902] WP_SET  target=(-3.50,-5.90)  robot=(-3.71,-5.24)  dist=0.69
[1784708021.394] WP_SKIP  target=(-3.50,-5.90)  robot=(-3.71,-5.24)  elapsed=3.5s  best_nav_dist=inf  last_nav_dist=inf  consecutive=8
[1784708021.396] WP_SET  target=(-4.50,-4.50)  robot=(-3.71,-5.24)  dist=1.09
[1784708024.395] WP_SKIP  target=(-4.50,-4.50)  robot=(-3.71,-5.24)  elapsed=3.0s  best_nav_dist=inf  last_nav_dist=inf  consecutive=9
[1784708024.396] WP_SET  target=(-3.30,-6.10)  robot=(-3.71,-5.24)  dist=0.95
[1784708027.404] WP_SKIP  target=(-3.30,-6.10)  robot=(-3.71,-5.24)  elapsed=3.0s  best_nav_dist=inf  last_nav_dist=inf  consecutive=10
[1784708027.405] WP_SET  target=(-4.50,-6.10)  robot=(-3.71,-5.24)  dist=1.17
[1784708030.413] WP_SKIP  target=(-4.50,-6.10)  robot=(-3.71,-5.24)  elapsed=3.0s  best_nav_dist=inf  last_nav_dist=inf  consecutive=11
[1784708030.414] WP_SET  target=(-5.10,-5.70)  robot=(-3.71,-5.24)  dist=1.47
[1784708033.903] WP_SKIP  target=(-5.10,-5.70)  robot=(-3.71,-5.24)  elapsed=3.5s  best_nav_dist=inf  last_nav_dist=inf  consecutive=12
[1784708033.904] WP_SET  target=(-3.70,-4.50)  robot=(-3.71,-5.24)  dist=0.74
[1784708036.903] WP_SKIP  target=(-3.70,-4.50)  robot=(-3.71,-5.24)  elapsed=3.0s  best_nav_dist=inf  last_nav_dist=inf  consecutive=13
[1784708036.904] WP_SET  target=(-3.90,-6.10)  robot=(-3.71,-5.24)  dist=0.88
[1784708040.400] WP_SKIP  target=(-3.90,-6.10)  robot=(-3.71,-5.24)  elapsed=3.5s  best_nav_dist=inf  last_nav_dist=inf  consecutive=14
[1784708040.401] WP_SET  target=(-4.90,-5.90)  robot=(-3.71,-5.24)  dist=1.36
[1784708043.409] WP_SKIP  target=(-4.90,-5.90)  robot=(-3.71,-5.24)  elapsed=3.0s  best_nav_dist=inf  last_nav_dist=inf  consecutive=15
[1784708043.411] WP_SET  target=(-3.50,-4.50)  robot=(-3.71,-5.24)  dist=0.77
[1784708046.903] WP_SKIP  target=(-3.50,-4.50)  robot=(-3.71,-5.24)  elapsed=3.5s  best_nav_dist=inf  last_nav_dist=inf  consecutive=16
[1784708046.904] WP_SET  target=(-4.70,-4.50)  robot=(-3.71,-5.24)  dist=1.24
[1784708049.928] WP_SKIP  target=(-4.70,-4.50)  robot=(-3.71,-5.24)  elapsed=3.0s  best_nav_dist=inf  last_nav_dist=inf  consecutive=17
[1784708049.929] WP_SET  target=(-2.10,-3.70)  robot=(-3.71,-5.24)  dist=2.23
[1784708053.972] WP_SKIP  target=(-2.10,-3.70)  robot=(-3.26,-5.12)  elapsed=4.0s  best_nav_dist=inf  last_nav_dist=inf  consecutive=18
[1784708053.973] WP_SET  target=(-3.10,-4.50)  robot=(-3.26,-5.12)  dist=0.65
[1784708055.840] WP_ADVANCE  target=(-3.10,-4.50)  nav_dist=0.65  visited=7
[1784708055.858] WP_SET  target=(-3.10,-6.10)  robot=(-3.05,-5.18)  dist=0.92
[1784708058.862] WP_SKIP  target=(-3.10,-6.10)  robot=(-3.04,-5.18)  elapsed=3.0s  best_nav_dist=inf  last_nav_dist=inf  consecutive=1
[1784708058.863] WP_SET  target=(-2.90,-6.10)  robot=(-3.04,-5.18)  dist=0.93
[1784708062.385] WP_SKIP  target=(-2.90,-6.10)  robot=(-3.04,-5.18)  elapsed=3.5s  best_nav_dist=inf  last_nav_dist=inf  consecutive=2
[1784708062.386] WP_SET  target=(-1.90,-5.90)  robot=(-3.04,-5.18)  dist=1.35
[1784708065.852] WP_SKIP  target=(-1.90,-5.90)  robot=(-3.04,-5.18)  elapsed=3.5s  best_nav_dist=inf  last_nav_dist=inf  consecutive=3
[1784708065.853] WP_SET  target=(-4.90,-4.90)  robot=(-3.04,-5.18)  dist=1.88
[1784708069.831] WP_SKIP  target=(-4.90,-4.90)  robot=(-3.57,-5.33)  elapsed=4.0s  best_nav_dist=inf  last_nav_dist=inf  consecutive=4
[1784708069.832] WP_SET  target=(4.10,-5.30)  robot=(-3.57,-5.33)  dist=7.67
[1784708076.327] WP_SKIP  target=(4.10,-5.30)  robot=(-1.15,-5.00)  elapsed=6.5s  best_nav_dist=1.25  last_nav_dist=1.25  consecutive=5
[1784708076.328] WP_SET  target=(-1.90,-2.90)  robot=(-1.15,-5.00)  dist=2.23
[1784708080.967] WP_SKIP  target=(-1.90,-2.90)  robot=(-0.49,-4.04)  elapsed=4.6s  best_nav_dist=inf  last_nav_dist=inf  consecutive=6
[1784708080.968] WP_SET  target=(-2.10,-3.50)  robot=(-0.49,-4.04)  dist=1.70
[1784708090.321] WP_SKIP  target=(-2.10,-3.50)  robot=(-0.73,-4.23)  elapsed=9.4s  best_nav_dist=1.57  last_nav_dist=1.57  consecutive=7
[1784708090.322] WP_SET  target=(-1.70,-5.90)  robot=(-0.73,-4.23)  dist=1.93
[1784708101.079] WP_SKIP  target=(-1.70,-5.90)  robot=(-0.78,-5.01)  elapsed=10.8s  best_nav_dist=1.25  last_nav_dist=1.28  consecutive=8
[1784708101.080] WP_SET  target=(-1.50,-5.90)  robot=(-0.78,-5.01)  dist=1.15
[1784708105.653] WP_SKIP  target=(-1.50,-5.90)  robot=(-0.78,-5.01)  elapsed=4.6s  best_nav_dist=inf  last_nav_dist=inf  consecutive=9
[1784708105.655] WP_SET  target=(-1.90,4.70)  robot=(-0.78,-5.01)  dist=9.77
[1784708110.851] WP_SKIP  target=(-1.90,4.70)  robot=(-0.17,-3.39)  elapsed=5.2s  best_nav_dist=inf  last_nav_dist=inf  consecutive=10
[1784708110.852] WP_SET  target=(-1.90,1.70)  robot=(-0.17,-3.39)  dist=5.37
[1784708116.099] WP_SKIP  target=(-1.90,1.70)  robot=(-0.66,0.62)  elapsed=5.2s  best_nav_dist=inf  last_nav_dist=inf  consecutive=11
[1784708116.100] WP_SET  target=(-1.70,4.30)  robot=(-0.66,0.62)  dist=3.83
[1784708126.861] WP_SKIP  target=(-1.70,4.30)  robot=(-0.85,3.17)  elapsed=10.8s  best_nav_dist=1.43  last_nav_dist=1.43  consecutive=12
[1784708126.862] WP_SET  target=(-2.10,2.70)  robot=(-0.85,3.17)  dist=1.34
[1784708131.514] WP_SKIP  target=(-2.10,2.70)  robot=(-0.85,3.17)  elapsed=4.7s  best_nav_dist=inf  last_nav_dist=inf  consecutive=13
[1784708131.516] WP_SET  target=(-0.10,4.70)  robot=(-0.85,3.17)  dist=1.70
[1784708136.231] WP_SKIP  target=(-0.10,4.70)  robot=(-0.85,3.17)  elapsed=4.7s  best_nav_dist=inf  last_nav_dist=inf  consecutive=14
[1784708136.232] WP_SET  target=(-1.90,1.90)  robot=(-0.85,3.17)  dist=1.65
[1784708140.943] WP_SKIP  target=(-1.90,1.90)  robot=(-0.85,3.17)  elapsed=4.7s  best_nav_dist=inf  last_nav_dist=inf  consecutive=15
[1784708140.944] WP_SET  target=(2.50,4.70)  robot=(-0.85,3.17)  dist=3.68
[1784708144.761] WP_SKIP  target=(2.50,4.70)  robot=(-0.32,3.23)  elapsed=3.8s  best_nav_dist=inf  last_nav_dist=inf  consecutive=16
[1784708144.762] WP_SET  target=(-2.10,3.30)  robot=(-0.32,3.23)  dist=1.78
[1784708149.018] WP_SKIP  target=(-2.10,3.30)  robot=(-0.39,3.42)  elapsed=4.3s  best_nav_dist=inf  last_nav_dist=inf  consecutive=17
[1784708149.019] WP_SET  target=(0.10,4.70)  robot=(-0.39,3.42)  dist=1.37
[1784708153.109] WP_SKIP  target=(0.10,4.70)  robot=(-0.82,3.35)  elapsed=4.1s  best_nav_dist=inf  last_nav_dist=inf  consecutive=18
[1784708153.110] WP_SET  target=(-2.10,3.50)  robot=(-0.82,3.35)  dist=1.29
[1784708160.418] WP_SKIP  target=(-2.10,3.50)  robot=(-0.83,3.07)  elapsed=7.3s  best_nav_dist=1.18  last_nav_dist=1.27  consecutive=19
[1784708160.419] WP_SET  target=(-1.30,4.70)  robot=(-0.83,3.07)  dist=1.70
[1784708167.628] WP_SKIP  target=(-1.30,4.70)  robot=(-0.77,3.10)  elapsed=7.2s  best_nav_dist=1.36  last_nav_dist=1.36  consecutive=20
[1784708167.629] WP_SET  target=(-2.10,4.70)  robot=(-0.77,3.10)  dist=2.08
[1784708171.896] WP_SKIP  target=(-2.10,4.70)  robot=(-0.77,3.10)  elapsed=4.3s  best_nav_dist=inf  last_nav_dist=inf  consecutive=21
[1784708171.898] WP_SET  target=(-1.50,4.70)  robot=(-0.77,3.10)  dist=1.76
[1784708176.079] WP_SKIP  target=(-1.50,4.70)  robot=(-0.77,3.10)  elapsed=4.2s  best_nav_dist=inf  last_nav_dist=inf  consecutive=22
[1784708176.081] WP_SET  target=(-1.10,4.70)  robot=(-0.77,3.10)  dist=1.63
[1784708180.284] WP_SKIP  target=(-1.10,4.70)  robot=(-0.77,3.10)  elapsed=4.2s  best_nav_dist=inf  last_nav_dist=inf  consecutive=23
[1784708180.286] WP_SET  target=(-2.10,2.90)  robot=(-0.77,3.10)  dist=1.34
[1784708184.464] WP_SKIP  target=(-2.10,2.90)  robot=(-0.77,3.10)  elapsed=4.2s  best_nav_dist=inf  last_nav_dist=inf  consecutive=24
[1784708184.466] WP_SET  target=(-2.10,3.10)  robot=(-0.77,3.10)  dist=1.33
[1784708188.714] WP_SKIP  target=(-2.10,3.10)  robot=(-0.77,3.10)  elapsed=4.3s  best_nav_dist=inf  last_nav_dist=inf  consecutive=25
[1784708188.716] DONE  visited=7  skipped=65  reason=max_consecutive_skips
