[1784708223.937] START  max_waypoints=80  threshold=1.05  stuck_timeout=12.0s  max_skips=25
[1784708223.956] WP_SET  target=(0.90,-0.90)  robot=(0.18,-2.38)  dist=1.65
[1784708228.491] WP_SKIP  target=(0.90,-0.90)  robot=(0.35,-1.78)  elapsed=4.5s  best_nav_dist=inf  last_nav_dist=inf  consecutive=1
[1784708228.493] WP_SET  target=(1.70,-2.30)  robot=(0.35,-1.78)  dist=1.44
[1784708232.407] WP_ADVANCE  target=(1.70,-2.30)  nav_dist=0.93  visited=1
[1784708232.429] WP_SET  target=(-1.90,-1.30)  robot=(0.40,-1.75)  dist=2.34
[1784708241.142] WP_SKIP  target=(-1.90,-1.30)  robot=(-0.46,-1.02)  elapsed=8.7s  best_nav_dist=1.34  last_nav_dist=1.48  consecutive=1
[1784708241.144] WP_SET  target=(-1.70,-0.70)  robot=(-0.46,-1.02)  dist=1.28
[1784708252.067] WP_SKIP  target=(-1.70,-0.70)  robot=(-0.51,-0.60)  elapsed=10.9s  best_nav_dist=1.19  last_nav_dist=1.19  consecutive=2
[1784708252.069] WP_SET  target=(-1.90,-0.90)  robot=(-0.51,-0.60)  dist=1.42
[1784708256.805] WP_SKIP  target=(-1.90,-0.90)  robot=(-0.51,-0.60)  elapsed=4.7s  best_nav_dist=inf  last_nav_dist=inf  consecutive=3
[1784708256.806] WP_SET  target=(-1.90,-1.90)  robot=(-0.51,-0.60)  dist=1.90
[1784708261.521] WP_SKIP  target=(-1.90,-1.90)  robot=(-0.51,-0.60)  elapsed=4.7s  best_nav_dist=inf  last_nav_dist=inf  consecutive=4
[1784708261.522] WP_SET  target=(-1.90,-1.10)  robot=(-0.51,-0.60)  dist=1.47
[1784708266.237] WP_SKIP  target=(-1.90,-1.10)  robot=(-0.51,-0.60)  elapsed=4.7s  best_nav_dist=inf  last_nav_dist=inf  consecutive=5
[1784708266.238] WP_SET  target=(-1.90,1.70)  robot=(-0.51,-0.60)  dist=2.69
[1784708277.151] WP_SKIP  target=(-1.90,1.70)  robot=(-0.57,1.00)  elapsed=10.9s  best_nav_dist=1.41  last_nav_dist=1.41  consecutive=6
[1784708277.152] WP_SET  target=(-1.90,1.10)  robot=(-0.57,1.00)  dist=1.34
[1784708281.967] WP_SKIP  target=(-1.90,1.10)  robot=(-0.57,1.00)  elapsed=4.8s  best_nav_dist=inf  last_nav_dist=inf  consecutive=7
[1784708281.968] WP_SET  target=(-1.90,1.90)  robot=(-0.57,1.00)  dist=1.61
[1784708286.798] WP_SKIP  target=(-1.90,1.90)  robot=(-0.57,1.00)  elapsed=4.8s  best_nav_dist=inf  last_nav_dist=inf  consecutive=8
[1784708286.799] WP_SET  target=(-1.90,0.30)  robot=(-0.57,1.00)  dist=1.50
[1784708291.585] WP_SKIP  target=(-1.90,0.30)  robot=(-0.57,1.00)  elapsed=4.8s  best_nav_dist=inf  last_nav_dist=inf  consecutive=9
[1784708291.586] WP_SET  target=(-1.90,1.50)  robot=(-0.57,1.00)  dist=1.42
[1784708296.417] WP_SKIP  target=(-1.90,1.50)  robot=(-0.57,1.00)  elapsed=4.8s  best_nav_dist=inf  last_nav_dist=inf  consecutive=10
[1784708296.418] WP_SET  target=(-1.90,0.70)  robot=(-0.57,1.00)  dist=1.36
[1784708301.278] WP_SKIP  target=(-1.90,0.70)  robot=(-0.57,1.00)  elapsed=4.9s  best_nav_dist=inf  last_nav_dist=inf  consecutive=11
[1784708301.279] WP_SET  target=(-1.90,1.30)  robot=(-0.57,1.00)  dist=1.37
[1784708306.087] WP_SKIP  target=(-1.90,1.30)  robot=(-0.57,1.00)  elapsed=4.8s  best_nav_dist=inf  last_nav_dist=inf  consecutive=12
[1784708306.088] WP_SET  target=(-1.70,1.90)  robot=(-0.57,1.00)  dist=1.45
[1784708310.874] WP_SKIP  target=(-1.70,1.90)  robot=(-0.57,1.00)  elapsed=4.8s  best_nav_dist=inf  last_nav_dist=inf  consecutive=13
[1784708310.875] WP_SET  target=(-1.90,0.50)  robot=(-0.57,1.00)  dist=1.42
[1784708315.667] WP_SKIP  target=(-1.90,0.50)  robot=(-0.57,1.00)  elapsed=4.8s  best_nav_dist=inf  last_nav_dist=inf  consecutive=14
[1784708315.668] WP_SET  target=(3.90,1.90)  robot=(-0.57,1.00)  dist=4.56
[1784708325.589] WP_SKIP  target=(3.90,1.90)  robot=(0.48,0.73)  elapsed=9.9s  best_nav_dist=3.89  last_nav_dist=3.89  consecutive=15
[1784708325.590] WP_SET  target=(3.90,1.70)  robot=(0.48,0.73)  dist=3.56
[1784708329.601] WP_SKIP  target=(3.90,1.70)  robot=(0.48,0.73)  elapsed=4.0s  best_nav_dist=inf  last_nav_dist=inf  consecutive=16
[1784708329.603] WP_SET  target=(-1.90,-0.70)  robot=(0.48,0.73)  dist=2.77
[1784708334.279] WP_SKIP  target=(-1.90,-0.70)  robot=(-0.26,-0.41)  elapsed=4.7s  best_nav_dist=inf  last_nav_dist=inf  consecutive=17
[1784708334.280] WP_SET  target=(-1.90,-1.70)  robot=(-0.26,-0.41)  dist=2.09
[1784708342.866] WP_SKIP  target=(-1.90,-1.70)  robot=(-0.46,-0.72)  elapsed=8.6s  best_nav_dist=1.56  last_nav_dist=1.74  consecutive=18
[1784708342.867] WP_SET  target=(-1.90,-3.10)  robot=(-0.46,-0.72)  dist=2.78
[1784708347.482] WP_SKIP  target=(-1.90,-3.10)  robot=(-0.46,-0.72)  elapsed=4.6s  best_nav_dist=inf  last_nav_dist=inf  consecutive=19
[1784708347.483] WP_SET  target=(-1.90,0.90)  robot=(-0.46,-0.72)  dist=2.17
[1784708352.273] WP_SKIP  target=(-1.90,0.90)  robot=(-0.87,0.74)  elapsed=4.8s  best_nav_dist=inf  last_nav_dist=inf  consecutive=20
[1784708352.274] WP_SET  target=(-1.90,0.10)  robot=(-0.87,0.74)  dist=1.21
[1784708355.001] WP_ADVANCE  target=(-1.90,0.10)  nav_dist=1.03  visited=2
[1784708355.026] WP_SET  target=(-1.10,1.90)  robot=(-0.80,0.73)  dist=1.21
[1784708365.623] WP_SKIP  target=(-1.10,1.90)  robot=(-0.49,1.06)  elapsed=10.6s  best_nav_dist=1.15  last_nav_dist=1.15  consecutive=1
[1784708365.624] WP_SET  target=(2.70,4.70)  robot=(-0.49,1.06)  dist=4.84
[1784708370.505] WP_SKIP  target=(2.70,4.70)  robot=(0.95,3.16)  elapsed=4.9s  best_nav_dist=inf  last_nav_dist=inf  consecutive=2
[1784708370.507] WP_SET  target=(1.90,4.70)  robot=(0.95,3.16)  dist=1.81
[1784708376.545] WP_SKIP  target=(1.90,4.70)  robot=(1.65,3.50)  elapsed=6.0s  best_nav_dist=1.25  last_nav_dist=1.25  consecutive=3
[1784708376.546] WP_SET  target=(2.70,4.10)  robot=(1.65,3.50)  dist=1.21
[1784708380.308] WP_SKIP  target=(2.70,4.10)  robot=(1.65,3.50)  elapsed=3.8s  best_nav_dist=inf  last_nav_dist=inf  consecutive=4
[1784708380.310] WP_SET  target=(2.50,4.70)  robot=(1.65,3.50)  dist=1.47
[1784708383.993] WP_SKIP  target=(2.50,4.70)  robot=(1.65,3.50)  elapsed=3.7s  best_nav_dist=inf  last_nav_dist=inf  consecutive=5
[1784708383.994] WP_SET  target=(2.30,4.70)  robot=(1.65,3.50)  dist=1.36
[1784708387.678] WP_SKIP  target=(2.30,4.70)  robot=(1.65,3.50)  elapsed=3.7s  best_nav_dist=inf  last_nav_dist=inf  consecutive=6
[1784708387.679] WP_SET  target=(2.70,4.30)  robot=(1.65,3.50)  dist=1.32
[1784708391.373] WP_SKIP  target=(2.70,4.30)  robot=(1.65,3.50)  elapsed=3.7s  best_nav_dist=inf  last_nav_dist=inf  consecutive=7
[1784708391.374] WP_SET  target=(2.70,4.50)  robot=(1.65,3.50)  dist=1.45
[1784708395.055] WP_SKIP  target=(2.70,4.50)  robot=(1.65,3.50)  elapsed=3.7s  best_nav_dist=inf  last_nav_dist=inf  consecutive=8
[1784708395.056] WP_SET  target=(1.50,4.70)  robot=(1.65,3.50)  dist=1.21
[1784708398.858] WP_SKIP  target=(1.50,4.70)  robot=(1.65,3.50)  elapsed=3.8s  best_nav_dist=inf  last_nav_dist=inf  consecutive=9
[1784708398.859] WP_SET  target=(0.10,4.70)  robot=(1.65,3.50)  dist=1.96
[1784708402.557] WP_SKIP  target=(0.10,4.70)  robot=(1.65,3.50)  elapsed=3.7s  best_nav_dist=inf  last_nav_dist=inf  consecutive=10
[1784708402.558] WP_SET  target=(1.30,4.70)  robot=(1.65,3.50)  dist=1.25
[1784708406.259] WP_SKIP  target=(1.30,4.70)  robot=(1.65,3.50)  elapsed=3.7s  best_nav_dist=inf  last_nav_dist=inf  consecutive=11
[1784708406.260] WP_SET  target=(2.10,4.70)  robot=(1.65,3.50)  dist=1.28
[1784708409.977] WP_SKIP  target=(2.10,4.70)  robot=(1.65,3.50)  elapsed=3.7s  best_nav_dist=inf  last_nav_dist=inf  consecutive=12
[1784708409.979] WP_SET  target=(-2.10,4.70)  robot=(1.65,3.50)  dist=3.94
[1784708414.108] WP_SKIP  target=(-2.10,4.70)  robot=(1.17,3.36)  elapsed=4.1s  best_nav_dist=inf  last_nav_dist=inf  consecutive=13
[1784708414.109] WP_SET  target=(2.70,3.90)  robot=(1.17,3.36)  dist=1.62
[1784708418.429] WP_SKIP  target=(2.70,3.90)  robot=(1.19,3.28)  elapsed=4.3s  best_nav_dist=inf  last_nav_dist=inf  consecutive=14
[1784708418.430] WP_SET  target=(0.30,4.70)  robot=(1.19,3.28)  dist=1.67
[1784708422.134] WP_SKIP  target=(0.30,4.70)  robot=(1.63,3.43)  elapsed=3.7s  best_nav_dist=inf  last_nav_dist=inf  consecutive=15
[1784708422.135] WP_SET  target=(-1.90,4.70)  robot=(1.63,3.43)  dist=3.75
[1784708426.204] WP_SKIP  target=(-1.90,4.70)  robot=(1.08,3.44)  elapsed=4.1s  best_nav_dist=inf  last_nav_dist=inf  consecutive=16
[1784708426.205] WP_SET  target=(1.70,4.70)  robot=(1.08,3.44)  dist=1.41
[1784708430.425] WP_SKIP  target=(1.70,4.70)  robot=(0.57,3.50)  elapsed=4.2s  best_nav_dist=inf  last_nav_dist=inf  consecutive=17
[1784708430.427] WP_SET  target=(-0.10,4.70)  robot=(0.57,3.50)  dist=1.37
[1784708434.614] WP_SKIP  target=(-0.10,4.70)  robot=(0.85,3.33)  elapsed=4.2s  best_nav_dist=inf  last_nav_dist=inf  consecutive=18
[1784708434.616] WP_SET  target=(0.50,4.70)  robot=(0.85,3.33)  dist=1.41
[1784708440.607] WP_SKIP  target=(0.50,4.70)  robot=(0.48,3.28)  elapsed=6.0s  best_nav_dist=1.41  last_nav_dist=1.41  consecutive=19
[1784708440.608] WP_SET  target=(-0.70,4.70)  robot=(0.48,3.28)  dist=1.84
[1784708446.852] WP_SKIP  target=(-0.70,4.70)  robot=(-0.01,3.28)  elapsed=6.2s  best_nav_dist=1.41  last_nav_dist=1.61  consecutive=20
[1784708446.853] WP_SET  target=(-1.50,4.70)  robot=(-0.01,3.28)  dist=2.06
[1784708453.584] WP_SKIP  target=(-1.50,4.70)  robot=(-0.67,3.29)  elapsed=6.7s  best_nav_dist=1.54  last_nav_dist=1.68  consecutive=21
[1784708453.586] WP_SET  target=(-2.10,2.70)  robot=(-0.67,3.29)  dist=1.55
[1784708462.392] WP_SKIP  target=(-2.10,2.70)  robot=(-0.95,3.02)  elapsed=8.8s  best_nav_dist=1.25  last_nav_dist=1.26  consecutive=22
[1784708462.393] WP_SET  target=(-2.10,4.10)  robot=(-0.95,3.02)  dist=1.57
[1784708469.221] WP_SKIP  target=(-2.10,4.10)  robot=(-0.93,3.05)  elapsed=6.8s  best_nav_dist=1.25  last_nav_dist=1.59  consecutive=23
[1784708469.222] WP_SET  target=(-2.10,4.50)  robot=(-0.93,3.05)  dist=1.87
[1784708473.836] WP_SKIP  target=(-2.10,4.50)  robot=(-0.93,3.05)  elapsed=4.6s  best_nav_dist=inf  last_nav_dist=inf  consecutive=24
[1784708473.837] WP_SET  target=(-2.10,3.90)  robot=(-0.93,3.05)  dist=1.45
[1784708478.356] WP_SKIP  target=(-2.10,3.90)  robot=(-0.93,3.05)  elapsed=4.5s  best_nav_dist=inf  last_nav_dist=inf  consecutive=25
[1784708478.358] DONE  visited=2  skipped=46  reason=max_consecutive_skips
