[1784708986.749] START  max_waypoints=80  threshold=1.05  stuck_timeout=12.0s  max_skips=25
[1784708986.757] WP_SET  target=(-4.10,1.10)  robot=(0.51,-0.01)  dist=4.75
[1784708992.382] WP_SKIP  target=(-4.10,1.10)  robot=(-0.43,-0.21)  elapsed=5.6s  best_nav_dist=inf  last_nav_dist=inf  consecutive=1
[1784708992.383] WP_SET  target=(-3.50,-1.30)  robot=(-0.43,-0.21)  dist=3.26
[1784708998.717] WP_SKIP  target=(-3.50,-1.30)  robot=(-2.47,-0.21)  elapsed=6.3s  best_nav_dist=inf  last_nav_dist=inf  consecutive=2
[1784708998.718] WP_SET  target=(2.10,0.50)  robot=(-2.47,-0.21)  dist=4.63
[1784709005.402] WP_SKIP  target=(2.10,0.50)  robot=(0.18,-0.18)  elapsed=6.7s  best_nav_dist=inf  last_nav_dist=inf  consecutive=3
[1784709005.403] WP_SET  target=(1.30,-1.30)  robot=(0.18,-0.18)  dist=1.58
[1784709012.809] WP_ADVANCE  target=(1.30,-1.30)  nav_dist=0.84  visited=1
[1784709012.821] WP_SET  target=(1.90,-0.50)  robot=(1.27,-0.53)  dist=0.63
[1784709015.750] WP_ADVANCE  target=(1.90,-0.50)  nav_dist=0.77  visited=2
[1784709015.759] WP_SET  target=(-4.50,1.90)  robot=(1.44,-0.62)  dist=6.45
[1784709019.559] WP_ADVANCE  target=(-4.50,1.90)  nav_dist=0.29  visited=3
[1784709019.569] WP_SET  target=(0.50,-1.90)  robot=(1.35,-0.45)  dist=1.69
[1784709032.968] WP_SKIP  target=(0.50,-1.90)  robot=(0.83,-0.48)  elapsed=13.4s  best_nav_dist=1.46  last_nav_dist=1.46  consecutive=1
[1784709032.969] WP_SET  target=(0.50,-1.70)  robot=(0.83,-0.48)  dist=1.26
[1784709038.587] WP_SKIP  target=(0.50,-1.70)  robot=(0.83,-0.48)  elapsed=5.6s  best_nav_dist=inf  last_nav_dist=inf  consecutive=2
[1784709038.588] WP_SET  target=(0.50,-1.50)  robot=(0.83,-0.48)  dist=1.07
[1784709044.228] WP_SKIP  target=(0.50,-1.50)  robot=(0.83,-0.48)  elapsed=5.6s  best_nav_dist=inf  last_nav_dist=inf  consecutive=3
[1784709044.229] WP_SET  target=(0.50,-1.30)  robot=(0.83,-0.48)  dist=0.88
[1784709049.971] WP_SKIP  target=(0.50,-1.30)  robot=(0.83,-0.48)  elapsed=5.7s  best_nav_dist=inf  last_nav_dist=inf  consecutive=4
[1784709049.972] WP_SET  target=(-4.70,1.10)  robot=(0.83,-0.48)  dist=5.75
[1784709056.106] WP_SKIP  target=(-4.70,1.10)  robot=(-0.40,-0.20)  elapsed=6.1s  best_nav_dist=inf  last_nav_dist=inf  consecutive=5
[1784709056.107] WP_SET  target=(0.50,-1.10)  robot=(-0.40,-0.20)  dist=1.28
[1784709065.530] WP_ADVANCE  target=(0.50,-1.10)  nav_dist=0.66  visited=4
[1784709065.542] WP_SET  target=(3.30,3.30)  robot=(0.66,-0.46)  dist=4.60
[1784709077.801] WP_SKIP  target=(3.30,3.30)  robot=(1.44,-0.33)  elapsed=12.3s  best_nav_dist=4.11  last_nav_dist=4.11  consecutive=1
[1784709077.803] WP_SET  target=(2.50,0.30)  robot=(1.44,-0.33)  dist=1.23
[1784709082.290] WP_ADVANCE  target=(2.50,0.30)  nav_dist=0.73  visited=5
[1784709082.301] WP_SET  target=(-3.70,2.50)  robot=(2.16,-0.30)  dist=6.50
[1784709084.318] WP_ADVANCE  target=(-3.70,2.50)  nav_dist=0.69  visited=6
[1784709084.327] WP_SET  target=(2.10,-1.30)  robot=(2.24,-0.34)  dist=0.97
[1784709089.469] WP_ADVANCE  target=(2.10,-1.30)  nav_dist=0.89  visited=7
[1784709089.479] WP_SET  target=(3.30,-0.30)  robot=(2.07,-0.42)  dist=1.24
[1784709099.129] WP_SKIP  target=(3.30,-0.30)  robot=(2.20,-0.39)  elapsed=9.7s  best_nav_dist=1.12  last_nav_dist=1.12  consecutive=1
[1784709099.130] WP_SET  target=(1.50,0.30)  robot=(2.20,-0.39)  dist=0.98
[1784709105.315] WP_ADVANCE  target=(1.50,0.30)  nav_dist=0.85  visited=8
[1784709105.326] WP_SET  target=(2.90,-1.30)  robot=(1.99,-0.35)  dist=1.31
[1784709107.908] WP_ADVANCE  target=(2.90,-1.30)  nav_dist=0.81  visited=9
[1784709107.917] WP_SET  target=(3.30,0.90)  robot=(1.93,-0.36)  dist=1.86
[1784709115.072] WP_SKIP  target=(3.30,0.90)  robot=(2.24,-0.49)  elapsed=7.2s  best_nav_dist=1.09  last_nav_dist=1.77  consecutive=1
[1784709115.073] WP_SET  target=(3.10,1.10)  robot=(2.24,-0.49)  dist=1.81
[1784709119.077] WP_SKIP  target=(3.10,1.10)  robot=(2.24,-0.49)  elapsed=4.0s  best_nav_dist=inf  last_nav_dist=inf  consecutive=2
[1784709119.078] WP_SET  target=(3.30,0.70)  robot=(2.24,-0.49)  dist=1.60
[1784709123.195] WP_SKIP  target=(3.30,0.70)  robot=(2.24,-0.49)  elapsed=4.1s  best_nav_dist=inf  last_nav_dist=inf  consecutive=3
[1784709123.196] WP_SET  target=(2.90,1.10)  robot=(2.24,-0.49)  dist=1.73
[1784709127.209] WP_SKIP  target=(2.90,1.10)  robot=(2.24,-0.49)  elapsed=4.0s  best_nav_dist=inf  last_nav_dist=inf  consecutive=4
[1784709127.211] WP_SET  target=(3.30,0.50)  robot=(2.24,-0.49)  dist=1.45
[1784709132.216] WP_SKIP  target=(3.30,0.50)  robot=(2.24,-0.49)  elapsed=5.0s  best_nav_dist=inf  last_nav_dist=inf  consecutive=5
[1784709132.217] WP_SET  target=(2.70,1.10)  robot=(2.24,-0.49)  dist=1.66
[1784709137.229] WP_SKIP  target=(2.70,1.10)  robot=(2.24,-0.49)  elapsed=5.0s  best_nav_dist=inf  last_nav_dist=inf  consecutive=6
[1784709137.230] WP_SET  target=(3.30,0.30)  robot=(2.24,-0.49)  dist=1.32
[1784709142.267] WP_SKIP  target=(3.30,0.30)  robot=(2.24,-0.49)  elapsed=5.0s  best_nav_dist=inf  last_nav_dist=inf  consecutive=7
[1784709142.269] WP_SET  target=(2.50,1.10)  robot=(2.24,-0.49)  dist=1.62
[1784709146.302] WP_SKIP  target=(2.50,1.10)  robot=(2.24,-0.49)  elapsed=4.0s  best_nav_dist=inf  last_nav_dist=inf  consecutive=8
[1784709146.303] WP_SET  target=(3.30,0.10)  robot=(2.24,-0.49)  dist=1.21
[1784709150.439] WP_SKIP  target=(3.30,0.10)  robot=(2.24,-0.49)  elapsed=4.1s  best_nav_dist=inf  last_nav_dist=inf  consecutive=9
[1784709150.440] WP_SET  target=(2.30,1.10)  robot=(2.24,-0.49)  dist=1.60
[1784709154.539] WP_SKIP  target=(2.30,1.10)  robot=(2.24,-0.49)  elapsed=4.1s  best_nav_dist=inf  last_nav_dist=inf  consecutive=10
[1784709154.540] WP_SET  target=(3.30,-0.10)  robot=(2.24,-0.49)  dist=1.13
[1784709158.584] WP_SKIP  target=(3.30,-0.10)  robot=(2.24,-0.49)  elapsed=4.0s  best_nav_dist=inf  last_nav_dist=inf  consecutive=11
[1784709158.586] WP_SET  target=(3.30,-0.50)  robot=(2.24,-0.49)  dist=1.06
[1784709162.601] WP_SKIP  target=(3.30,-0.50)  robot=(2.24,-0.49)  elapsed=4.0s  best_nav_dist=inf  last_nav_dist=inf  consecutive=12
[1784709162.602] WP_SET  target=(3.10,-0.50)  robot=(2.24,-0.49)  dist=0.86
[1784709166.632] WP_SKIP  target=(3.10,-0.50)  robot=(2.24,-0.49)  elapsed=4.0s  best_nav_dist=inf  last_nav_dist=inf  consecutive=13
[1784709166.634] WP_SET  target=(2.90,-0.50)  robot=(2.24,-0.49)  dist=0.66
[1784709170.664] WP_SKIP  target=(2.90,-0.50)  robot=(2.24,-0.49)  elapsed=4.0s  best_nav_dist=inf  last_nav_dist=inf  consecutive=14
[1784709170.666] WP_SET  target=(2.70,-0.50)  robot=(2.24,-0.49)  dist=0.46
[1784709174.757] WP_SKIP  target=(2.70,-0.50)  robot=(2.24,-0.49)  elapsed=4.1s  best_nav_dist=inf  last_nav_dist=inf  consecutive=15
[1784709174.758] WP_SET  target=(3.30,4.90)  robot=(2.24,-0.49)  dist=5.50
[1784709179.050] WP_SKIP  target=(3.30,4.90)  robot=(2.35,0.75)  elapsed=4.3s  best_nav_dist=inf  last_nav_dist=inf  consecutive=16
[1784709179.051] WP_SET  target=(0.70,4.30)  robot=(2.35,0.75)  dist=3.92
[1784709189.260] WP_SKIP  target=(0.70,4.30)  robot=(1.92,2.74)  elapsed=10.2s  best_nav_dist=1.84  last_nav_dist=1.84  consecutive=17
[1784709189.261] WP_SET  target=(1.90,1.10)  robot=(1.92,2.74)  dist=1.64
[1784709193.509] WP_ADVANCE  target=(1.90,1.10)  nav_dist=odom  visited=10
[1784709193.509] WP_SET  target=(2.70,1.30)  robot=(1.97,1.47)  dist=0.75
[1784709195.178] WP_ADVANCE  target=(2.70,1.30)  nav_dist=0.35  visited=11
[1784709195.189] WP_SET  target=(3.30,2.10)  robot=(2.21,1.39)  dist=1.30
[1784709196.775] WP_ADVANCE  target=(3.30,2.10)  nav_dist=0.53  visited=12
[1784709196.785] WP_SET  target=(-2.90,2.50)  robot=(2.21,1.38)  dist=5.23
[1784709201.068] WP_SKIP  target=(-2.90,2.50)  robot=(1.98,1.94)  elapsed=4.3s  best_nav_dist=inf  last_nav_dist=inf  consecutive=1
[1784709201.070] WP_SET  target=(-2.90,2.30)  robot=(1.98,1.94)  dist=4.90
[1784709204.575] WP_SKIP  target=(-2.90,2.30)  robot=(1.98,1.94)  elapsed=3.5s  best_nav_dist=inf  last_nav_dist=inf  consecutive=2
[1784709204.577] WP_SET  target=(-3.70,1.70)  robot=(1.98,1.94)  dist=5.69
[1784709208.593] WP_SKIP  target=(-3.70,1.70)  robot=(1.78,2.25)  elapsed=4.0s  best_nav_dist=inf  last_nav_dist=inf  consecutive=3
[1784709208.595] WP_SET  target=(-4.50,1.10)  robot=(1.78,2.25)  dist=6.39
[1784709212.682] WP_SKIP  target=(-4.50,1.10)  robot=(1.69,1.93)  elapsed=4.1s  best_nav_dist=inf  last_nav_dist=inf  consecutive=4
[1784709212.683] WP_SET  target=(-2.90,2.10)  robot=(1.69,1.93)  dist=4.59
[1784709216.871] WP_SKIP  target=(-2.90,2.10)  robot=(1.85,1.75)  elapsed=4.2s  best_nav_dist=inf  last_nav_dist=inf  consecutive=5
[1784709216.872] WP_SET  target=(-3.50,1.70)  robot=(1.85,1.75)  dist=5.35
[1784709224.839] WP_SKIP  target=(-3.50,1.70)  robot=(1.78,1.89)  elapsed=8.0s  best_nav_dist=4.72  last_nav_dist=4.87  consecutive=6
[1784709224.840] WP_SET  target=(-3.70,1.50)  robot=(1.78,1.89)  dist=5.50
[1784709228.505] WP_SKIP  target=(-3.70,1.50)  robot=(1.69,1.94)  elapsed=3.7s  best_nav_dist=inf  last_nav_dist=inf  consecutive=7
[1784709228.506] WP_SET  target=(-4.30,1.10)  robot=(1.69,1.94)  dist=6.05
[1784709232.503] WP_SKIP  target=(-4.30,1.10)  robot=(1.56,1.74)  elapsed=4.0s  best_nav_dist=inf  last_nav_dist=inf  consecutive=8
[1784709232.504] WP_SET  target=(-3.30,1.70)  robot=(1.56,1.74)  dist=4.86
[1784709236.128] WP_SKIP  target=(-3.30,1.70)  robot=(1.80,1.53)  elapsed=3.6s  best_nav_dist=inf  last_nav_dist=inf  consecutive=9
[1784709236.129] WP_SET  target=(-3.10,1.70)  robot=(1.80,1.53)  dist=4.91
[1784709245.284] WP_SKIP  target=(-3.10,1.70)  robot=(1.88,1.83)  elapsed=9.1s  best_nav_dist=4.93  last_nav_dist=4.93  consecutive=10
[1784709245.285] WP_SET  target=(-3.70,1.30)  robot=(1.88,1.83)  dist=5.61
[1784709249.415] WP_SKIP  target=(-3.70,1.30)  robot=(1.84,1.83)  elapsed=4.1s  best_nav_dist=inf  last_nav_dist=inf  consecutive=11
[1784709249.416] WP_SET  target=(-3.90,1.10)  robot=(1.84,1.83)  dist=5.78
[1784709253.467] WP_SKIP  target=(-3.90,1.10)  robot=(1.65,1.88)  elapsed=4.1s  best_nav_dist=inf  last_nav_dist=inf  consecutive=12
[1784709253.468] WP_SET  target=(2.70,2.90)  robot=(1.65,1.88)  dist=1.46
[1784709258.390] WP_ADVANCE  target=(2.70,2.90)  nav_dist=1.04  visited=13
[1784709258.401] WP_SET  target=(2.10,3.70)  robot=(1.83,2.86)  dist=0.88
[1784709263.465] WP_ADVANCE  target=(2.10,3.70)  nav_dist=0.87  visited=14
[1784709263.477] WP_SET  target=(-2.10,-0.90)  robot=(1.94,2.85)  dist=5.52
[1784709267.676] WP_SKIP  target=(-2.10,-0.90)  robot=(2.36,1.39)  elapsed=4.2s  best_nav_dist=inf  last_nav_dist=inf  consecutive=1
[1784709267.677] WP_SET  target=(-2.10,-1.30)  robot=(2.36,1.39)  dist=5.21
[1784709272.655] WP_SKIP  target=(-2.10,-1.30)  robot=(0.66,-0.02)  elapsed=5.0s  best_nav_dist=inf  last_nav_dist=inf  consecutive=2
[1784709272.656] WP_SET  target=(-0.30,-0.50)  robot=(0.66,-0.02)  dist=1.07
[1784709279.108] WP_ADVANCE  target=(-0.30,-0.50)  nav_dist=0.47  visited=15
[1784709279.118] WP_SET  target=(-0.30,-1.30)  robot=(-0.27,-0.03)  dist=1.27
[1784709285.610] WP_SKIP  target=(-0.30,-1.30)  robot=(-0.27,-0.03)  elapsed=6.5s  best_nav_dist=inf  last_nav_dist=inf  consecutive=1
[1784709285.611] WP_SET  target=(-0.50,-1.30)  robot=(-0.27,-0.03)  dist=1.29
[1784709292.029] WP_SKIP  target=(-0.50,-1.30)  robot=(-0.27,-0.03)  elapsed=6.4s  best_nav_dist=inf  last_nav_dist=inf  consecutive=2
[1784709292.030] WP_SET  target=(-0.70,-1.30)  robot=(-0.27,-0.03)  dist=1.34
[1784709303.817] WP_SKIP  target=(-0.70,-1.30)  robot=(-0.31,-0.03)  elapsed=11.8s  best_nav_dist=1.33  last_nav_dist=1.33  consecutive=3
[1784709303.818] WP_SET  target=(-0.90,-1.30)  robot=(-0.31,-0.03)  dist=1.40
[1784709310.606] WP_SKIP  target=(-0.90,-1.30)  robot=(-0.31,-0.03)  elapsed=6.8s  best_nav_dist=inf  last_nav_dist=inf  consecutive=4
[1784709310.607] WP_SET  target=(0.70,-0.30)  robot=(-0.31,-0.03)  dist=1.05
[1784709315.681] WP_ADVANCE  target=(0.70,-0.30)  nav_dist=odom  visited=16
[1784709315.681] WP_SET  target=(2.70,4.50)  robot=(0.41,-0.40)  dist=5.41
[1784709319.066] WP_ADVANCE  target=(2.70,4.50)  nav_dist=0.28  visited=17
[1784709319.078] WP_SET  target=(-1.10,0.10)  robot=(0.46,-0.38)  dist=1.63
[1784709325.973] WP_SKIP  target=(-1.10,0.10)  robot=(-0.46,0.20)  elapsed=6.9s  best_nav_dist=inf  last_nav_dist=inf  consecutive=1
[1784709325.974] WP_SET  target=(-1.10,-0.10)  robot=(-0.46,0.20)  dist=0.71
[1784709329.163] WP_ADVANCE  target=(-1.10,-0.10)  nav_dist=0.65  visited=18
[1784709329.173] WP_SET  target=(-1.10,-1.10)  robot=(-0.46,0.20)  dist=1.45
[1784709340.773] WP_SKIP  target=(-1.10,-1.10)  robot=(-0.24,0.06)  elapsed=11.6s  best_nav_dist=1.45  last_nav_dist=1.45  consecutive=1
[1784709340.774] WP_SET  target=(-1.10,-0.90)  robot=(-0.24,0.06)  dist=1.29
[1784709347.384] WP_SKIP  target=(-1.10,-0.90)  robot=(-0.24,0.06)  elapsed=6.6s  best_nav_dist=inf  last_nav_dist=inf  consecutive=2
[1784709347.385] WP_SET  target=(-1.30,-0.90)  robot=(-0.24,0.06)  dist=1.43
[1784709358.875] WP_SKIP  target=(-1.30,-0.90)  robot=(-0.46,0.01)  elapsed=11.5s  best_nav_dist=1.26  last_nav_dist=1.26  consecutive=3
[1784709358.876] WP_SET  target=(-1.50,-0.90)  robot=(-0.46,0.01)  dist=1.38
[1784709365.436] WP_SKIP  target=(-1.50,-0.90)  robot=(-0.46,0.01)  elapsed=6.6s  best_nav_dist=inf  last_nav_dist=inf  consecutive=4
[1784709365.437] WP_SET  target=(-1.70,-0.90)  robot=(-0.46,0.01)  dist=1.54
[1784709372.083] WP_SKIP  target=(-1.70,-0.90)  robot=(-0.46,0.01)  elapsed=6.6s  best_nav_dist=inf  last_nav_dist=inf  consecutive=5
[1784709372.085] WP_SET  target=(0.70,0.50)  robot=(-0.46,0.01)  dist=1.26
[1784709383.356] WP_ADVANCE  target=(0.70,0.50)  nav_dist=0.81  visited=19
[1784709383.368] WP_SET  target=(1.90,4.90)  robot=(0.38,-0.23)  dist=5.35
[1784709386.491] WP_ADVANCE  target=(1.90,4.90)  nav_dist=0.79  visited=20
[1784709386.502] WP_SET  target=(-1.90,0.50)  robot=(0.45,-0.25)  dist=2.47
[1784709398.797] WP_SKIP  target=(-1.90,0.50)  robot=(-0.45,0.12)  elapsed=12.3s  best_nav_dist=1.61  last_nav_dist=1.61  consecutive=1
[1784709398.798] WP_SET  target=(-1.90,0.30)  robot=(-0.45,0.12)  dist=1.46
[1784709405.861] WP_SKIP  target=(-1.90,0.30)  robot=(-0.45,0.12)  elapsed=7.1s  best_nav_dist=inf  last_nav_dist=inf  consecutive=2
[1784709405.862] WP_SET  target=(-1.90,0.10)  robot=(-0.45,0.12)  dist=1.45
[1784709412.901] WP_SKIP  target=(-1.90,0.10)  robot=(-0.45,0.12)  elapsed=7.0s  best_nav_dist=inf  last_nav_dist=inf  consecutive=3
[1784709412.902] WP_SET  target=(-1.70,0.70)  robot=(-0.45,0.12)  dist=1.38
[1784709420.040] WP_SKIP  target=(-1.70,0.70)  robot=(-0.45,0.12)  elapsed=7.1s  best_nav_dist=inf  last_nav_dist=inf  consecutive=4
[1784709420.041] WP_SET  target=(-1.90,-0.10)  robot=(-0.45,0.12)  dist=1.47
[1784709427.124] WP_SKIP  target=(-1.90,-0.10)  robot=(-0.45,0.12)  elapsed=7.1s  best_nav_dist=inf  last_nav_dist=inf  consecutive=5
[1784709427.125] WP_SET  target=(-1.90,-0.30)  robot=(-0.45,0.12)  dist=1.51
[1784709434.169] WP_SKIP  target=(-1.90,-0.30)  robot=(-0.45,0.12)  elapsed=7.0s  best_nav_dist=inf  last_nav_dist=inf  consecutive=6
[1784709434.170] WP_SET  target=(-1.90,-0.50)  robot=(-0.45,0.12)  dist=1.58
[1784709441.288] WP_SKIP  target=(-1.90,-0.50)  robot=(-0.45,0.12)  elapsed=7.1s  best_nav_dist=inf  last_nav_dist=inf  consecutive=7
[1784709441.289] WP_SET  target=(-1.50,0.70)  robot=(-0.45,0.12)  dist=1.20
[1784709448.375] WP_SKIP  target=(-1.50,0.70)  robot=(-0.45,0.12)  elapsed=7.1s  best_nav_dist=inf  last_nav_dist=inf  consecutive=8
[1784709448.376] WP_SET  target=(-1.90,-0.70)  robot=(-0.45,0.12)  dist=1.67
[1784709455.460] WP_SKIP  target=(-1.90,-0.70)  robot=(-0.45,0.12)  elapsed=7.1s  best_nav_dist=inf  last_nav_dist=inf  consecutive=9
[1784709455.461] WP_SET  target=(-1.30,0.70)  robot=(-0.45,0.12)  dist=1.03
[1784709462.477] WP_SKIP  target=(-1.30,0.70)  robot=(-0.45,0.12)  elapsed=7.0s  best_nav_dist=inf  last_nav_dist=inf  consecutive=10
[1784709462.479] WP_SET  target=(-1.10,0.70)  robot=(-0.45,0.12)  dist=0.87
[1784709469.578] WP_SKIP  target=(-1.10,0.70)  robot=(-0.45,0.12)  elapsed=7.1s  best_nav_dist=inf  last_nav_dist=inf  consecutive=11
[1784709469.579] WP_SET  target=(-0.90,0.70)  robot=(-0.45,0.12)  dist=0.73
[1784709474.020] DONE  visited=20  skipped=62  reason=force_done
