[1784721456.229] START  max_waypoints=80  threshold=1.05  stuck_timeout=12.0s  max_skips=25
[1784721460.740] WP_SET  target=(1.10,-0.70)  robot=(0.00,0.00)  dist=1.30
[1784721462.771] WP_ADVANCE  target=(1.10,-0.70)  nav_dist=odom  visited=1
[1784721462.771] WP_SET  target=(1.70,5.10)  robot=(0.98,-0.45)  dist=5.60
[1784721466.293] WP_SKIP  target=(1.70,5.10)  robot=(1.94,1.13)  elapsed=3.5s  best_nav_dist=inf  last_nav_dist=inf  consecutive=1
[1784721466.294] WP_SET  target=(-0.90,2.30)  robot=(1.94,1.13)  dist=3.07
[1784721469.798] WP_SKIP  target=(-0.90,2.30)  robot=(0.08,1.91)  elapsed=3.5s  best_nav_dist=inf  last_nav_dist=inf  consecutive=2
[1784721469.799] WP_SET  target=(-0.90,5.10)  robot=(0.08,1.91)  dist=3.34
[1784721472.807] WP_SKIP  target=(-0.90,5.10)  robot=(-1.56,3.62)  elapsed=3.0s  best_nav_dist=inf  last_nav_dist=inf  consecutive=3
[1784721472.808] WP_SET  target=(-9.10,6.10)  robot=(-1.56,3.62)  dist=7.93
[1784721476.297] WP_SKIP  target=(-9.10,6.10)  robot=(-2.24,3.29)  elapsed=3.5s  best_nav_dist=inf  last_nav_dist=inf  consecutive=4
[1784721476.298] WP_SET  target=(-2.70,5.10)  robot=(-2.24,3.29)  dist=1.86
[1784721481.357] WP_SKIP  target=(-2.70,5.10)  robot=(-2.12,4.13)  elapsed=5.1s  best_nav_dist=1.12  last_nav_dist=1.13  consecutive=5
[1784721481.358] WP_SET  target=(3.30,-5.50)  robot=(-2.12,4.13)  dist=11.05
[1784721484.806] WP_SKIP  target=(3.30,-5.50)  robot=(-1.14,2.76)  elapsed=3.4s  best_nav_dist=inf  last_nav_dist=inf  consecutive=6
[1784721484.807] WP_SET  target=(2.70,-9.10)  robot=(-1.14,2.76)  dist=12.46
[1784721488.323] WP_SKIP  target=(2.70,-9.10)  robot=(0.22,0.22)  elapsed=3.5s  best_nav_dist=inf  last_nav_dist=inf  consecutive=7
[1784721488.324] WP_SET  target=(1.70,-9.10)  robot=(0.22,0.22)  dist=9.43
[1784721491.321] WP_SKIP  target=(1.70,-9.10)  robot=(1.55,-1.64)  elapsed=3.0s  best_nav_dist=inf  last_nav_dist=inf  consecutive=8
[1784721491.323] WP_SET  target=(-2.30,5.10)  robot=(1.55,-1.64)  dist=7.76
[1784721494.815] WP_SKIP  target=(-2.30,5.10)  robot=(1.50,0.01)  elapsed=3.5s  best_nav_dist=inf  last_nav_dist=inf  consecutive=9
[1784721494.816] WP_SET  target=(1.90,-5.50)  robot=(1.50,0.01)  dist=5.52
[1784721498.323] WP_SKIP  target=(1.90,-5.50)  robot=(1.39,-1.23)  elapsed=3.5s  best_nav_dist=inf  last_nav_dist=inf  consecutive=10
[1784721498.324] WP_SET  target=(2.50,-9.10)  robot=(1.39,-1.23)  dist=7.94
[1784721501.327] WP_SKIP  target=(2.50,-9.10)  robot=(3.03,-2.44)  elapsed=3.0s  best_nav_dist=inf  last_nav_dist=inf  consecutive=11
[1784721501.328] WP_SET  target=(3.70,-4.50)  robot=(3.03,-2.44)  dist=2.17
[1784721504.817] WP_SKIP  target=(3.70,-4.50)  robot=(4.19,-3.60)  elapsed=3.5s  best_nav_dist=inf  last_nav_dist=inf  consecutive=12
[1784721504.819] WP_SET  target=(-11.30,4.70)  robot=(4.19,-3.60)  dist=17.57
[1784721507.816] WP_SKIP  target=(-11.30,4.70)  robot=(3.70,-3.45)  elapsed=3.0s  best_nav_dist=inf  last_nav_dist=inf  consecutive=13
[1784721507.817] WP_SET  target=(3.70,-6.50)  robot=(3.70,-3.45)  dist=3.05
[1784721510.811] WP_SKIP  target=(3.70,-6.50)  robot=(3.88,-3.65)  elapsed=3.0s  best_nav_dist=inf  last_nav_dist=inf  consecutive=14
[1784721510.812] WP_SET  target=(0.10,-7.90)  robot=(3.88,-3.65)  dist=5.69
[1784721513.880] WP_SKIP  target=(0.10,-7.90)  robot=(3.64,-3.50)  elapsed=3.1s  best_nav_dist=inf  last_nav_dist=inf  consecutive=15
[1784721513.881] WP_SET  target=(-11.30,-9.30)  robot=(3.64,-3.50)  dist=16.02
[1784721517.313] WP_SKIP  target=(-11.30,-9.30)  robot=(0.84,-3.20)  elapsed=3.4s  best_nav_dist=inf  last_nav_dist=inf  consecutive=16
[1784721517.314] WP_SET  target=(-0.30,-9.30)  robot=(0.84,-3.20)  dist=6.20
[1784721520.315] WP_SKIP  target=(-0.30,-9.30)  robot=(-1.08,-4.64)  elapsed=3.0s  best_nav_dist=inf  last_nav_dist=inf  consecutive=17
[1784721520.316] WP_SET  target=(-6.30,-9.10)  robot=(-1.08,-4.64)  dist=6.87
[1784721523.316] WP_SKIP  target=(-6.30,-9.10)  robot=(-2.58,-6.58)  elapsed=3.0s  best_nav_dist=inf  last_nav_dist=inf  consecutive=18
[1784721523.317] WP_SET  target=(-5.10,-9.10)  robot=(-2.58,-6.58)  dist=3.56
[1784721529.810] WP_SKIP  target=(-5.10,-9.10)  robot=(-3.75,-7.95)  elapsed=6.5s  best_nav_dist=1.80  last_nav_dist=1.80  consecutive=19
[1784721529.811] WP_SET  target=(-2.30,-9.30)  robot=(-3.75,-7.95)  dist=1.98
[1784721536.303] WP_SKIP  target=(-2.30,-9.30)  robot=(-2.53,-8.27)  elapsed=6.5s  best_nav_dist=1.07  last_nav_dist=1.07  consecutive=20
[1784721536.304] WP_SET  target=(-1.10,-9.30)  robot=(-2.53,-8.27)  dist=1.76
[1784721541.301] WP_SKIP  target=(-1.10,-9.30)  robot=(-1.69,-8.31)  elapsed=5.0s  best_nav_dist=1.05  last_nav_dist=1.16  consecutive=21
[1784721541.303] WP_SET  target=(-11.30,-4.70)  robot=(-1.69,-8.31)  dist=10.27
[1784721544.313] WP_SKIP  target=(-11.30,-4.70)  robot=(-1.90,-7.64)  elapsed=3.0s  best_nav_dist=inf  last_nav_dist=inf  consecutive=22
[1784721544.315] WP_SET  target=(0.30,-9.30)  robot=(-1.90,-7.64)  dist=2.75
[1784721547.812] WP_SKIP  target=(0.30,-9.30)  robot=(-0.40,-7.70)  elapsed=3.5s  best_nav_dist=inf  last_nav_dist=inf  consecutive=23
[1784721547.813] WP_SET  target=(0.90,5.10)  robot=(-0.40,-7.70)  dist=12.86
[1784721551.314] WP_SKIP  target=(0.90,5.10)  robot=(-0.85,-6.96)  elapsed=3.5s  best_nav_dist=inf  last_nav_dist=inf  consecutive=24
[1784721551.315] WP_SET  target=(2.30,5.10)  robot=(-0.85,-6.96)  dist=12.47
[1784721554.255] WP_SKIP  target=(2.30,5.10)  robot=(-1.14,-4.70)  elapsed=3.0s  best_nav_dist=inf  last_nav_dist=inf  consecutive=25
[1784721554.257] DONE  visited=1  skipped=25  reason=max_consecutive_skips
