[1784721167.537] START  max_waypoints=80  threshold=1.05  stuck_timeout=12.0s  max_skips=25
[1784721167.560] WP_SET  target=(-3.70,5.10)  robot=(1.75,2.06)  dist=6.24
[1784721171.780] WP_SKIP  target=(-3.70,5.10)  robot=(0.36,2.19)  elapsed=4.2s  best_nav_dist=inf  last_nav_dist=inf  consecutive=1
[1784721171.781] WP_SET  target=(0.70,5.10)  robot=(0.36,2.19)  dist=2.93
[1784721179.703] WP_SKIP  target=(0.70,5.10)  robot=(-1.06,2.59)  elapsed=7.9s  best_nav_dist=2.94  last_nav_dist=3.05  consecutive=2
[1784721179.704] WP_SET  target=(4.90,5.10)  robot=(-1.06,2.59)  dist=6.47
[1784721183.762] WP_SKIP  target=(4.90,5.10)  robot=(-0.08,2.20)  elapsed=4.1s  best_nav_dist=inf  last_nav_dist=inf  consecutive=3
[1784721183.763] WP_SET  target=(5.70,5.10)  robot=(-0.08,2.20)  dist=6.47
[1784721188.198] WP_SKIP  target=(5.70,5.10)  robot=(2.81,2.19)  elapsed=4.4s  best_nav_dist=inf  last_nav_dist=inf  consecutive=4
[1784721188.199] WP_SET  target=(4.70,4.90)  robot=(2.81,2.19)  dist=3.30
[1784721196.420] WP_SKIP  target=(4.70,4.90)  robot=(3.44,2.16)  elapsed=8.2s  best_nav_dist=3.13  last_nav_dist=3.13  consecutive=5
[1784721196.421] WP_SET  target=(4.50,4.70)  robot=(3.44,2.16)  dist=2.76
[1784721200.107] WP_SKIP  target=(4.50,4.70)  robot=(3.44,2.16)  elapsed=3.7s  best_nav_dist=inf  last_nav_dist=inf  consecutive=6
[1784721200.108] WP_SET  target=(4.50,4.50)  robot=(3.44,2.16)  dist=2.57
[1784721203.700] WP_SKIP  target=(4.50,4.50)  robot=(3.44,2.16)  elapsed=3.6s  best_nav_dist=inf  last_nav_dist=inf  consecutive=7
[1784721203.702] WP_SET  target=(4.70,4.30)  robot=(3.44,2.16)  dist=2.49
[1784721213.460] WP_SKIP  target=(4.70,4.30)  robot=(4.32,1.93)  elapsed=9.8s  best_nav_dist=2.41  last_nav_dist=2.41  consecutive=8
[1784721213.461] WP_SET  target=(0.30,5.10)  robot=(4.32,1.93)  dist=5.11
[1784721222.544] WP_SKIP  target=(0.30,5.10)  robot=(2.45,3.23)  elapsed=9.1s  best_nav_dist=2.40  last_nav_dist=2.40  consecutive=9
[1784721222.546] WP_SET  target=(0.90,4.90)  robot=(2.45,3.23)  dist=2.28
[1784721230.405] WP_SKIP  target=(0.90,4.90)  robot=(2.55,3.98)  elapsed=7.9s  best_nav_dist=1.82  last_nav_dist=1.89  consecutive=10
[1784721230.406] WP_SET  target=(0.50,4.90)  robot=(2.55,3.98)  dist=2.25
[1784721234.046] WP_SKIP  target=(0.50,4.90)  robot=(2.56,3.96)  elapsed=3.6s  best_nav_dist=inf  last_nav_dist=inf  consecutive=11
[1784721234.047] WP_SET  target=(0.10,4.90)  robot=(2.56,3.96)  dist=2.63
[1784721242.154] WP_SKIP  target=(0.10,4.90)  robot=(2.45,3.95)  elapsed=8.1s  best_nav_dist=2.26  last_nav_dist=2.62  consecutive=12
[1784721242.155] WP_SET  target=(0.30,4.70)  robot=(2.45,3.95)  dist=2.28
[1784721245.333] WP_SKIP  target=(0.30,4.70)  robot=(2.45,3.93)  elapsed=3.2s  best_nav_dist=inf  last_nav_dist=inf  consecutive=13
[1784721245.334] WP_SET  target=(8.90,3.50)  robot=(2.45,3.93)  dist=6.47
[1784721249.507] WP_SKIP  target=(8.90,3.50)  robot=(3.45,2.48)  elapsed=4.2s  best_nav_dist=inf  last_nav_dist=inf  consecutive=14
[1784721249.508] WP_SET  target=(8.70,3.30)  robot=(3.45,2.48)  dist=5.31
[1784721254.193] WP_SKIP  target=(8.70,3.30)  robot=(6.78,2.23)  elapsed=4.7s  best_nav_dist=inf  last_nav_dist=inf  consecutive=15
[1784721254.194] WP_SET  target=(9.10,3.30)  robot=(6.78,2.23)  dist=2.56
[1784721266.814] WP_SKIP  target=(9.10,3.30)  robot=(8.74,1.95)  elapsed=12.6s  best_nav_dist=1.41  last_nav_dist=1.41  consecutive=16
[1784721266.815] WP_SET  target=(8.90,3.10)  robot=(8.74,1.95)  dist=1.16
[1784721274.043] WP_SKIP  target=(8.90,3.10)  robot=(9.12,1.97)  elapsed=7.2s  best_nav_dist=1.14  last_nav_dist=1.15  consecutive=17
[1784721274.044] WP_SET  target=(11.30,1.70)  robot=(9.12,1.97)  dist=2.20
[1784721284.625] WP_ADVANCE  target=(11.30,1.70)  nav_dist=0.98  visited=1
[1784721284.659] WP_SET  target=(18.90,10.50)  robot=(10.88,2.55)  dist=11.29
[1784721286.624] WP_ADVANCE  target=(18.90,10.50)  nav_dist=0.94  visited=2
[1784721286.661] WP_SET  target=(-11.30,-1.70)  robot=(11.00,2.69)  dist=22.73
[1784721290.681] WP_SKIP  target=(-11.30,-1.70)  robot=(10.58,2.85)  elapsed=4.0s  best_nav_dist=inf  last_nav_dist=inf  consecutive=1
[1784721290.682] WP_SET  target=(-9.30,4.10)  robot=(10.58,2.85)  dist=19.92
[1784721294.866] WP_SKIP  target=(-9.30,4.10)  robot=(7.48,2.11)  elapsed=4.2s  best_nav_dist=inf  last_nav_dist=inf  consecutive=2
[1784721294.868] WP_SET  target=(-9.50,3.90)  robot=(7.48,2.11)  dist=17.08
[1784721299.016] WP_SKIP  target=(-9.50,3.90)  robot=(4.44,1.99)  elapsed=4.1s  best_nav_dist=inf  last_nav_dist=inf  consecutive=3
[1784721299.018] WP_SET  target=(-8.90,-0.50)  robot=(4.44,1.99)  dist=13.57
[1784721303.367] WP_SKIP  target=(-8.90,-0.50)  robot=(1.10,1.59)  elapsed=4.3s  best_nav_dist=inf  last_nav_dist=inf  consecutive=4
[1784721303.369] WP_SET  target=(-11.10,-1.50)  robot=(1.10,1.59)  dist=12.59
[1784721307.802] WP_SKIP  target=(-11.10,-1.50)  robot=(-1.96,0.50)  elapsed=4.4s  best_nav_dist=inf  last_nav_dist=inf  consecutive=5
[1784721307.803] WP_SET  target=(-11.10,0.90)  robot=(-1.96,0.50)  dist=9.15
[1784721312.388] WP_SKIP  target=(-11.10,0.90)  robot=(-5.15,0.31)  elapsed=4.6s  best_nav_dist=inf  last_nav_dist=inf  consecutive=6
[1784721312.389] WP_SET  target=(-10.50,3.30)  robot=(-5.15,0.31)  dist=6.13
[1784721317.081] WP_SKIP  target=(-10.50,3.30)  robot=(-7.32,1.73)  elapsed=4.7s  best_nav_dist=inf  last_nav_dist=inf  consecutive=7
[1784721317.083] WP_SET  target=(-9.70,4.10)  robot=(-7.32,1.73)  dist=3.36
[1784721329.123] WP_SKIP  target=(-9.70,4.10)  robot=(-7.56,3.51)  elapsed=12.0s  best_nav_dist=2.23  last_nav_dist=2.23  consecutive=8
[1784721329.124] WP_SET  target=(-2.90,15.70)  robot=(-7.56,3.51)  dist=13.05
[1784721339.939] WP_SKIP  target=(-2.90,15.70)  robot=(-5.25,8.84)  elapsed=10.8s  best_nav_dist=2.22  last_nav_dist=2.22  consecutive=9
[1784721339.940] WP_SET  target=(-5.50,23.30)  robot=(-5.25,8.84)  dist=14.46
[1784721344.589] WP_SKIP  target=(-5.50,23.30)  robot=(-4.71,12.29)  elapsed=4.6s  best_nav_dist=inf  last_nav_dist=inf  consecutive=10
[1784721344.590] WP_SET  target=(-5.70,23.50)  robot=(-4.71,12.29)  dist=11.26
[1784721348.936] WP_SKIP  target=(-5.70,23.50)  robot=(-4.81,15.76)  elapsed=4.3s  best_nav_dist=inf  last_nav_dist=inf  consecutive=11
[1784721348.937] WP_SET  target=(-5.50,26.50)  robot=(-4.81,15.76)  dist=10.76
[1784721354.226] WP_SKIP  target=(-5.50,26.50)  robot=(-4.76,19.56)  elapsed=5.3s  best_nav_dist=inf  last_nav_dist=inf  consecutive=12
[1784721354.227] WP_SET  target=(-0.50,32.90)  robot=(-4.76,19.56)  dist=14.01
[1784721359.396] WP_SKIP  target=(-0.50,32.90)  robot=(-3.00,22.67)  elapsed=5.2s  best_nav_dist=inf  last_nav_dist=inf  consecutive=13
[1784721359.397] WP_SET  target=(-11.10,31.90)  robot=(-3.00,22.67)  dist=12.28
[1784721365.025] WP_SKIP  target=(-11.10,31.90)  robot=(-2.01,26.67)  elapsed=5.6s  best_nav_dist=inf  last_nav_dist=inf  consecutive=14
[1784721365.026] WP_SET  target=(-9.90,32.90)  robot=(-2.01,26.67)  dist=10.05
[1784721370.618] WP_SKIP  target=(-9.90,32.90)  robot=(-2.03,30.66)  elapsed=5.6s  best_nav_dist=inf  last_nav_dist=inf  consecutive=15
[1784721370.619] WP_SET  target=(-10.10,35.50)  robot=(-2.03,30.66)  dist=9.41
[1784721375.516] WP_SKIP  target=(-10.10,35.50)  robot=(-2.62,32.06)  elapsed=4.9s  best_nav_dist=inf  last_nav_dist=inf  consecutive=16
[1784721375.517] WP_SET  target=(-9.30,35.50)  robot=(-2.62,32.06)  dist=7.51
[1784721380.450] WP_SKIP  target=(-9.30,35.50)  robot=(-2.62,32.06)  elapsed=4.9s  best_nav_dist=inf  last_nav_dist=inf  consecutive=17
[1784721380.451] WP_SET  target=(-9.50,35.30)  robot=(-2.62,32.06)  dist=7.60
[1784721385.574] WP_SKIP  target=(-9.50,35.30)  robot=(-2.62,32.06)  elapsed=5.1s  best_nav_dist=inf  last_nav_dist=inf  consecutive=18
[1784721385.575] WP_SET  target=(-9.10,35.30)  robot=(-2.62,32.06)  dist=7.25
[1784721390.612] WP_SKIP  target=(-9.10,35.30)  robot=(-2.62,32.06)  elapsed=5.0s  best_nav_dist=inf  last_nav_dist=inf  consecutive=19
[1784721390.613] WP_SET  target=(-9.30,35.10)  robot=(-2.62,32.06)  dist=7.34
[1784721395.579] WP_SKIP  target=(-9.30,35.10)  robot=(-2.62,32.06)  elapsed=5.0s  best_nav_dist=inf  last_nav_dist=inf  consecutive=20
[1784721395.580] WP_SET  target=(-11.10,32.50)  robot=(-2.62,32.06)  dist=8.49
[1784721400.388] WP_SKIP  target=(-11.10,32.50)  robot=(-2.66,31.91)  elapsed=4.8s  best_nav_dist=inf  last_nav_dist=inf  consecutive=21
[1784721400.389] WP_SET  target=(-11.30,32.30)  robot=(-2.66,31.91)  dist=8.65
[1784721405.427] WP_SKIP  target=(-11.30,32.30)  robot=(-2.67,31.91)  elapsed=5.0s  best_nav_dist=inf  last_nav_dist=inf  consecutive=22
[1784721405.428] WP_SET  target=(-11.30,32.10)  robot=(-2.67,31.91)  dist=8.63
[1784721410.426] WP_SKIP  target=(-11.30,32.10)  robot=(-2.68,31.91)  elapsed=5.0s  best_nav_dist=inf  last_nav_dist=inf  consecutive=23
[1784721410.428] WP_SET  target=(-8.30,34.90)  robot=(-2.68,31.91)  dist=6.37
[1784721414.907] WP_SKIP  target=(-8.30,34.90)  robot=(-2.70,31.99)  elapsed=4.5s  best_nav_dist=inf  last_nav_dist=inf  consecutive=24
[1784721414.908] WP_SET  target=(-10.50,32.70)  robot=(-2.70,31.99)  dist=7.84
[1784721419.533] WP_SKIP  target=(-10.50,32.70)  robot=(-2.70,31.89)  elapsed=4.7s  best_nav_dist=inf  last_nav_dist=inf  consecutive=25
[1784721419.534] DONE  visited=2  skipped=42  reason=max_consecutive_skips
