[1784711852.394] START  max_waypoints=80  threshold=1.05  stuck_timeout=12.0s  max_skips=25
[1784711852.398] WP_SET  target=(1.50,-2.30)  robot=(0.00,0.00)  dist=2.75
[1784711864.148] WP_ADVANCE  target=(1.50,-2.30)  nav_dist=0.86  visited=1
[1784711864.161] WP_SET  target=(2.10,-1.50)  robot=(0.76,-2.01)  dist=1.43
[1784711868.095] WP_ADVANCE  target=(2.10,-1.50)  nav_dist=0.77  visited=2
[1784711868.108] WP_SET  target=(1.50,-0.70)  robot=(0.77,-2.07)  dist=1.55
[1784711874.257] WP_ADVANCE  target=(1.50,-0.70)  nav_dist=odom  visited=3
[1784711874.257] WP_SET  target=(0.70,-0.10)  robot=(1.27,-1.03)  dist=1.09
[1784711878.588] WP_ADVANCE  target=(0.70,-0.10)  nav_dist=odom  visited=4
[1784711878.589] WP_SET  target=(0.70,-2.90)  robot=(0.96,-0.20)  dist=2.71
[1784711885.247] WP_ADVANCE  target=(0.70,-2.90)  nav_dist=0.28  visited=5
[1784711885.264] WP_SET  target=(2.10,-3.10)  robot=(0.75,-2.19)  dist=1.63
[1784711891.689] WP_ADVANCE  target=(2.10,-3.10)  nav_dist=0.29  visited=6
[1784711891.701] WP_SET  target=(1.30,0.70)  robot=(0.74,-2.79)  dist=3.53
[1784711901.100] WP_ADVANCE  target=(1.30,0.70)  nav_dist=odom  visited=7
[1784711901.100] WP_SET  target=(-0.10,0.50)  robot=(1.29,0.39)  dist=1.39
[1784711905.409] WP_ADVANCE  target=(-0.10,0.50)  nav_dist=0.25  visited=8
[1784711905.422] WP_SET  target=(1.50,-3.90)  robot=(0.49,1.01)  dist=5.01
[1784711912.030] WP_ADVANCE  target=(1.50,-3.90)  nav_dist=0.30  visited=9
[1784711912.051] WP_SET  target=(2.10,1.30)  robot=(0.50,-2.05)  dist=3.71
[1784711918.926] WP_ADVANCE  target=(2.10,1.30)  nav_dist=0.92  visited=10
[1784711918.943] WP_SET  target=(-0.90,1.10)  robot=(0.96,-1.48)  dist=3.18
[1784711925.223] WP_SKIP  target=(-0.90,1.10)  robot=(-0.42,1.14)  elapsed=6.3s  best_nav_dist=inf  last_nav_dist=inf  consecutive=1
[1784711925.225] WP_SET  target=(-0.90,0.90)  robot=(-0.42,1.14)  dist=0.54
[1784711929.256] WP_ADVANCE  target=(-0.90,0.90)  nav_dist=0.41  visited=11
[1784711929.269] WP_SET  target=(2.10,-4.70)  robot=(-0.81,0.88)  dist=6.29
[1784711935.569] WP_ADVANCE  target=(2.10,-4.70)  nav_dist=0.08  visited=12
[1784711935.585] WP_SET  target=(2.10,2.10)  robot=(0.13,-1.19)  dist=3.83
[1784711942.631] WP_SKIP  target=(2.10,2.10)  robot=(0.94,-1.20)  elapsed=7.0s  best_nav_dist=inf  last_nav_dist=inf  consecutive=1
[1784711942.632] WP_SET  target=(1.90,2.10)  robot=(0.94,-1.20)  dist=3.43
[1784711954.393] WP_SKIP  target=(1.90,2.10)  robot=(1.10,1.39)  elapsed=11.8s  best_nav_dist=1.11  last_nav_dist=1.11  consecutive=2
[1784711954.395] WP_SET  target=(1.70,2.10)  robot=(1.10,1.39)  dist=0.93
[1784711965.338] WP_SKIP  target=(1.70,2.10)  robot=(1.16,1.36)  elapsed=10.9s  best_nav_dist=1.07  last_nav_dist=1.07  consecutive=3
[1784711965.339] WP_SET  target=(1.50,2.10)  robot=(1.16,1.36)  dist=0.82
[1784711970.415] WP_ADVANCE  target=(1.50,2.10)  nav_dist=0.78  visited=13
[1784711970.427] WP_SET  target=(-1.70,1.50)  robot=(0.93,1.56)  dist=2.63
[1784711973.911] WP_ADVANCE  target=(-1.70,1.50)  nav_dist=0.78  visited=14
[1784711973.923] WP_SET  target=(-2.50,-7.50)  robot=(0.99,1.52)  dist=9.67
[1784711982.097] WP_SKIP  target=(-2.50,-7.50)  robot=(0.35,-2.84)  elapsed=8.2s  best_nav_dist=inf  last_nav_dist=inf  consecutive=1
[1784711982.098] WP_SET  target=(-2.30,-7.30)  robot=(0.35,-2.84)  dist=5.19
[1784711996.288] WP_SKIP  target=(-2.30,-7.30)  robot=(-1.12,-5.07)  elapsed=14.2s  best_nav_dist=2.91  last_nav_dist=2.91  consecutive=2
[1784711996.289] WP_SET  target=(-2.70,-7.30)  robot=(-1.12,-5.07)  dist=2.73
[1784712008.434] WP_SKIP  target=(-2.70,-7.30)  robot=(-1.02,-4.89)  elapsed=12.1s  best_nav_dist=2.52  last_nav_dist=2.89  consecutive=3
[1784712008.436] WP_SET  target=(-2.50,-7.10)  robot=(-1.02,-4.89)  dist=2.66
[1784712020.428] WP_SKIP  target=(-2.50,-7.10)  robot=(-0.99,-4.89)  elapsed=12.0s  best_nav_dist=2.93  last_nav_dist=2.95  consecutive=4
[1784712020.429] WP_SET  target=(2.10,-5.50)  robot=(-0.99,-4.89)  dist=3.15
[1784712027.606] WP_SKIP  target=(2.10,-5.50)  robot=(0.30,-4.58)  elapsed=7.2s  best_nav_dist=inf  last_nav_dist=inf  consecutive=5
[1784712027.607] WP_SET  target=(1.90,-5.50)  robot=(0.30,-4.58)  dist=1.84
[1784712042.024] WP_SKIP  target=(1.90,-5.50)  robot=(0.40,-4.59)  elapsed=14.4s  best_nav_dist=1.76  last_nav_dist=1.76  consecutive=6
[1784712042.025] WP_SET  target=(1.70,-5.50)  robot=(0.40,-4.59)  dist=1.59
[1784712049.317] WP_SKIP  target=(1.70,-5.50)  robot=(0.40,-4.59)  elapsed=7.3s  best_nav_dist=inf  last_nav_dist=inf  consecutive=7
[1784712049.318] WP_SET  target=(1.50,-5.50)  robot=(0.40,-4.59)  dist=1.43
[1784712056.582] WP_SKIP  target=(1.50,-5.50)  robot=(0.40,-4.59)  elapsed=7.3s  best_nav_dist=inf  last_nav_dist=inf  consecutive=8
[1784712056.583] WP_SET  target=(1.30,-5.30)  robot=(0.40,-4.59)  dist=1.15
[1784712063.898] WP_SKIP  target=(1.30,-5.30)  robot=(0.40,-4.59)  elapsed=7.3s  best_nav_dist=inf  last_nav_dist=inf  consecutive=9
[1784712063.899] WP_SET  target=(1.30,-5.10)  robot=(0.40,-4.59)  dist=1.03
[1784712071.143] WP_SKIP  target=(1.30,-5.10)  robot=(0.40,-4.59)  elapsed=7.2s  best_nav_dist=inf  last_nav_dist=inf  consecutive=10
[1784712071.144] WP_SET  target=(1.30,-4.90)  robot=(0.40,-4.59)  dist=0.95
[1784712078.416] WP_SKIP  target=(1.30,-4.90)  robot=(0.40,-4.59)  elapsed=7.3s  best_nav_dist=inf  last_nav_dist=inf  consecutive=11
[1784712078.417] WP_SET  target=(1.30,-4.70)  robot=(0.40,-4.59)  dist=0.91
[1784712087.803] WP_ADVANCE  target=(1.30,-4.70)  nav_dist=0.85  visited=15
[1784712087.816] WP_SET  target=(0.70,2.50)  robot=(0.52,-4.39)  dist=6.89
[1784712092.588] WP_ADVANCE  target=(0.70,2.50)  nav_dist=0.83  visited=16
[1784712092.602] WP_SET  target=(-2.50,2.10)  robot=(0.58,-4.17)  dist=6.98
[1784712099.655] WP_SKIP  target=(-2.50,2.10)  robot=(-1.11,0.44)  elapsed=7.1s  best_nav_dist=inf  last_nav_dist=inf  consecutive=1
[1784712099.656] WP_SET  target=(-2.50,1.90)  robot=(-1.11,0.44)  dist=2.01
[1784712112.450] WP_SKIP  target=(-2.50,1.90)  robot=(-1.46,0.52)  elapsed=12.8s  best_nav_dist=1.78  last_nav_dist=1.78  consecutive=2
[1784712112.452] WP_SET  target=(-2.50,1.70)  robot=(-1.46,0.52)  dist=1.58
[1784712124.958] WP_SKIP  target=(-2.50,1.70)  robot=(-1.46,0.55)  elapsed=12.5s  best_nav_dist=1.53  last_nav_dist=1.55  consecutive=3
[1784712124.960] WP_SET  target=(-2.50,1.50)  robot=(-1.46,0.55)  dist=1.41
[1784712131.141] WP_SKIP  target=(-2.50,1.50)  robot=(-1.46,0.55)  elapsed=6.2s  best_nav_dist=inf  last_nav_dist=inf  consecutive=4
[1784712131.142] WP_SET  target=(-2.50,1.30)  robot=(-1.46,0.55)  dist=1.28
[1784712137.360] WP_SKIP  target=(-2.50,1.30)  robot=(-1.46,0.55)  elapsed=6.2s  best_nav_dist=inf  last_nav_dist=inf  consecutive=5
[1784712137.361] WP_SET  target=(-2.50,1.10)  robot=(-1.46,0.55)  dist=1.18
[1784712149.768] WP_SKIP  target=(-2.50,1.10)  robot=(-1.70,0.36)  elapsed=12.4s  best_nav_dist=1.08  last_nav_dist=1.10  consecutive=6
[1784712149.769] WP_SET  target=(-2.50,0.90)  robot=(-1.70,0.36)  dist=0.97
[1784712155.854] WP_SKIP  target=(-2.50,0.90)  robot=(-1.54,0.44)  elapsed=6.1s  best_nav_dist=inf  last_nav_dist=inf  consecutive=7
[1784712155.856] WP_SET  target=(-2.30,2.30)  robot=(-1.54,0.44)  dist=2.01
[1784712163.722] WP_SKIP  target=(-2.30,2.30)  robot=(-1.54,0.44)  elapsed=7.9s  best_nav_dist=inf  last_nav_dist=inf  consecutive=8
[1784712163.723] WP_SET  target=(-2.30,0.70)  robot=(-1.54,0.44)  dist=0.80
[1784712169.612] WP_SKIP  target=(-2.30,0.70)  robot=(-1.54,0.44)  elapsed=5.9s  best_nav_dist=inf  last_nav_dist=inf  consecutive=9
[1784712169.613] WP_SET  target=(-2.10,2.30)  robot=(-1.54,0.44)  dist=1.94
[1784712177.201] WP_SKIP  target=(-2.10,2.30)  robot=(-1.32,0.59)  elapsed=7.6s  best_nav_dist=inf  last_nav_dist=inf  consecutive=10
[1784712177.202] WP_SET  target=(-2.10,0.70)  robot=(-1.32,0.59)  dist=0.79
[1784712185.269] WP_ADVANCE  target=(-2.10,0.70)  nav_dist=0.66  visited=17
[1784712185.281] WP_SET  target=(0.70,-5.50)  robot=(-1.56,0.52)  dist=6.43
[1784712189.476] WP_ADVANCE  target=(0.70,-5.50)  nav_dist=0.53  visited=18
[1784712189.490] WP_SET  target=(1.30,-1.50)  robot=(-1.65,0.40)  dist=3.50
[1784712198.907] WP_ADVANCE  target=(1.30,-1.50)  nav_dist=0.73  visited=19
[1784712198.921] WP_SET  target=(-0.10,-0.30)  robot=(0.74,-1.42)  dist=1.40
[1784712203.340] WP_ADVANCE  target=(-0.10,-0.30)  nav_dist=0.54  visited=20
[1784712203.355] WP_SET  target=(-0.10,-6.10)  robot=(0.77,-1.51)  dist=4.67
[1784712210.367] WP_ADVANCE  target=(-0.10,-6.10)  nav_dist=0.33  visited=21
[1784712210.383] WP_SET  target=(1.50,-6.10)  robot=(0.33,-2.32)  dist=3.95
[1784712224.871] WP_SKIP  target=(1.50,-6.10)  robot=(0.28,-4.64)  elapsed=14.5s  best_nav_dist=1.89  last_nav_dist=1.89  consecutive=1
[1784712224.873] WP_SET  target=(1.50,-5.90)  robot=(0.28,-4.64)  dist=1.76
[1784712231.627] WP_SKIP  target=(1.50,-5.90)  robot=(0.28,-4.64)  elapsed=6.8s  best_nav_dist=inf  last_nav_dist=inf  consecutive=2
[1784712231.628] WP_SET  target=(1.50,-5.70)  robot=(0.28,-4.64)  dist=1.62
[1784712238.405] WP_SKIP  target=(1.50,-5.70)  robot=(0.28,-4.64)  elapsed=6.8s  best_nav_dist=inf  last_nav_dist=inf  consecutive=3
[1784712238.407] WP_SET  target=(1.30,-6.30)  robot=(0.28,-4.64)  dist=1.95
[1784712245.249] WP_SKIP  target=(1.30,-6.30)  robot=(0.28,-4.64)  elapsed=6.8s  best_nav_dist=inf  last_nav_dist=inf  consecutive=4
[1784712245.250] WP_SET  target=(1.10,-6.30)  robot=(0.28,-4.64)  dist=1.85
[1784712251.940] WP_SKIP  target=(1.10,-6.30)  robot=(0.28,-4.64)  elapsed=6.7s  best_nav_dist=inf  last_nav_dist=inf  consecutive=5
[1784712251.941] WP_SET  target=(0.90,-6.30)  robot=(0.28,-4.64)  dist=1.77
[1784712258.694] WP_SKIP  target=(0.90,-6.30)  robot=(0.28,-4.64)  elapsed=6.8s  best_nav_dist=inf  last_nav_dist=inf  consecutive=6
[1784712258.696] WP_SET  target=(0.70,-6.70)  robot=(0.28,-4.64)  dist=2.10
[1784712265.500] WP_SKIP  target=(0.70,-6.70)  robot=(0.28,-4.64)  elapsed=6.8s  best_nav_dist=inf  last_nav_dist=inf  consecutive=7
[1784712265.501] WP_SET  target=(0.70,-6.50)  robot=(0.28,-4.64)  dist=1.91
[1784712272.170] WP_SKIP  target=(0.70,-6.50)  robot=(0.28,-4.64)  elapsed=6.7s  best_nav_dist=inf  last_nav_dist=inf  consecutive=8
[1784712272.171] WP_SET  target=(0.70,-6.30)  robot=(0.28,-4.64)  dist=1.71
[1784712278.948] WP_SKIP  target=(0.70,-6.30)  robot=(0.28,-4.64)  elapsed=6.8s  best_nav_dist=inf  last_nav_dist=inf  consecutive=9
[1784712278.949] WP_SET  target=(0.50,-6.90)  robot=(0.28,-4.64)  dist=2.27
[1784712285.674] WP_SKIP  target=(0.50,-6.90)  robot=(0.28,-4.64)  elapsed=6.7s  best_nav_dist=inf  last_nav_dist=inf  consecutive=10
[1784712285.675] WP_SET  target=(0.30,-6.90)  robot=(0.28,-4.64)  dist=2.26
[1784712292.510] WP_SKIP  target=(0.30,-6.90)  robot=(0.28,-4.64)  elapsed=6.8s  best_nav_dist=inf  last_nav_dist=inf  consecutive=11
[1784712292.511] WP_SET  target=(0.70,-3.90)  robot=(0.28,-4.64)  dist=0.85
[1784712297.112] WP_ADVANCE  target=(0.70,-3.90)  nav_dist=odom  visited=22
[1784712297.112] WP_SET  target=(-2.70,-0.10)  robot=(0.66,-4.19)  dist=5.30
[1784712301.748] WP_ADVANCE  target=(-2.70,-0.10)  nav_dist=0.30  visited=23
[1784712301.763] WP_SET  target=(-0.90,-6.70)  robot=(0.51,-2.58)  dist=4.35
[1784712308.887] WP_SKIP  target=(-0.90,-6.70)  robot=(0.41,-2.49)  elapsed=7.1s  best_nav_dist=inf  last_nav_dist=inf  consecutive=1
[1784712308.888] WP_SET  target=(-0.70,-6.90)  robot=(0.41,-2.49)  dist=4.54
[1784712323.000] WP_SKIP  target=(-0.70,-6.90)  robot=(-0.61,-4.86)  elapsed=14.1s  best_nav_dist=2.06  last_nav_dist=2.06  consecutive=2
[1784712323.001] WP_SET  target=(-0.90,-6.50)  robot=(-0.61,-4.86)  dist=1.66
[1784712334.951] WP_SKIP  target=(-0.90,-6.50)  robot=(-0.82,-4.91)  elapsed=12.0s  best_nav_dist=1.59  last_nav_dist=1.59  consecutive=3
[1784712334.952] WP_SET  target=(-0.50,-6.90)  robot=(-0.82,-4.91)  dist=2.01
[1784712340.501] DONE  visited=23  skipped=39  reason=force_done
