[1784717289.337] START  max_waypoints=80  threshold=1.05  stuck_timeout=12.0s  max_skips=25
[1784717289.356] WP_SET  target=(1.10,0.50)  robot=(1.43,0.09)  dist=0.52
[1784717293.583] WP_SKIP  target=(1.10,0.50)  robot=(1.55,0.16)  elapsed=4.2s  best_nav_dist=inf  last_nav_dist=inf  consecutive=1
[1784717293.584] WP_SET  target=(1.10,0.90)  robot=(1.55,0.16)  dist=0.87
[1784717296.393] WP_ADVANCE  target=(1.10,0.90)  nav_dist=0.51  visited=1
[1784717296.417] WP_SET  target=(-1.10,1.50)  robot=(0.59,0.38)  dist=2.03
[1784717299.184] WP_ADVANCE  target=(-1.10,1.50)  nav_dist=0.73  visited=2
[1784717299.208] WP_SET  target=(-0.30,1.70)  robot=(0.06,0.41)  dist=1.34
[1784717307.143] WP_SKIP  target=(-0.30,1.70)  robot=(0.02,0.38)  elapsed=7.9s  best_nav_dist=1.34  last_nav_dist=1.35  consecutive=1
[1784717307.144] WP_SET  target=(0.90,1.70)  robot=(0.02,0.38)  dist=1.58
[1784717316.236] WP_SKIP  target=(0.90,1.70)  robot=(0.09,0.32)  elapsed=9.1s  best_nav_dist=1.61  last_nav_dist=1.61  consecutive=2
[1784717316.237] WP_SET  target=(0.30,1.70)  robot=(0.09,0.32)  dist=1.39
[1784717320.617] WP_SKIP  target=(0.30,1.70)  robot=(0.09,0.32)  elapsed=4.4s  best_nav_dist=inf  last_nav_dist=inf  consecutive=3
[1784717320.618] WP_SET  target=(0.50,1.70)  robot=(0.09,0.32)  dist=1.44
[1784717324.944] WP_SKIP  target=(0.50,1.70)  robot=(0.09,0.32)  elapsed=4.3s  best_nav_dist=inf  last_nav_dist=inf  consecutive=4
[1784717324.945] WP_SET  target=(-0.10,1.70)  robot=(0.09,0.32)  dist=1.39
[1784717329.232] WP_SKIP  target=(-0.10,1.70)  robot=(0.09,0.32)  elapsed=4.3s  best_nav_dist=inf  last_nav_dist=inf  consecutive=5
[1784717329.233] WP_SET  target=(-3.10,1.50)  robot=(0.09,0.32)  dist=3.40
[1784717334.164] WP_SKIP  target=(-3.10,1.50)  robot=(-0.60,0.39)  elapsed=4.9s  best_nav_dist=inf  last_nav_dist=inf  consecutive=6
[1784717334.166] WP_SET  target=(0.70,1.70)  robot=(-0.60,0.39)  dist=1.84
[1784717338.966] WP_SKIP  target=(0.70,1.70)  robot=(-0.69,0.58)  elapsed=4.8s  best_nav_dist=inf  last_nav_dist=inf  consecutive=7
[1784717338.967] WP_SET  target=(-2.90,1.50)  robot=(-0.69,0.58)  dist=2.40
[1784717343.271] WP_SKIP  target=(-2.90,1.50)  robot=(-0.38,0.12)  elapsed=4.3s  best_nav_dist=inf  last_nav_dist=inf  consecutive=8
[1784717343.272] WP_SET  target=(-2.70,1.50)  robot=(-0.38,0.12)  dist=2.70
[1784717347.012] WP_SKIP  target=(-2.70,1.50)  robot=(-2.56,0.42)  elapsed=3.7s  best_nav_dist=inf  last_nav_dist=inf  consecutive=9
[1784717347.013] WP_SET  target=(-4.30,1.10)  robot=(-2.56,0.42)  dist=1.87
[1784717354.382] WP_SKIP  target=(-4.30,1.10)  robot=(-3.38,0.00)  elapsed=7.4s  best_nav_dist=1.08  last_nav_dist=1.41  consecutive=10
[1784717354.384] WP_SET  target=(-3.70,1.70)  robot=(-3.38,0.00)  dist=1.73
[1784717358.936] WP_SKIP  target=(-3.70,1.70)  robot=(-3.38,0.00)  elapsed=4.6s  best_nav_dist=inf  last_nav_dist=inf  consecutive=11
[1784717358.937] WP_SET  target=(-4.30,1.70)  robot=(-3.38,0.00)  dist=1.93
[1784717363.415] WP_SKIP  target=(-4.30,1.70)  robot=(-3.38,0.00)  elapsed=4.5s  best_nav_dist=inf  last_nav_dist=inf  consecutive=12
[1784717363.417] WP_SET  target=(-4.30,0.50)  robot=(-3.38,0.00)  dist=1.04
[1784717367.874] WP_SKIP  target=(-4.30,0.50)  robot=(-3.38,0.00)  elapsed=4.5s  best_nav_dist=inf  last_nav_dist=inf  consecutive=13
[1784717367.875] WP_SET  target=(-3.90,1.70)  robot=(-3.38,0.00)  dist=1.77
[1784717372.331] WP_SKIP  target=(-3.90,1.70)  robot=(-3.38,0.00)  elapsed=4.5s  best_nav_dist=inf  last_nav_dist=inf  consecutive=14
[1784717372.332] WP_SET  target=(-4.30,0.30)  robot=(-3.38,0.00)  dist=0.96
[1784717376.781] WP_SKIP  target=(-4.30,0.30)  robot=(-3.38,0.00)  elapsed=4.5s  best_nav_dist=inf  last_nav_dist=inf  consecutive=15
[1784717376.782] WP_SET  target=(-4.30,0.70)  robot=(-3.38,0.00)  dist=1.15
[1784717381.233] WP_SKIP  target=(-4.30,0.70)  robot=(-3.38,0.00)  elapsed=4.5s  best_nav_dist=inf  last_nav_dist=inf  consecutive=16
[1784717381.234] WP_SET  target=(-4.30,1.50)  robot=(-3.38,0.00)  dist=1.75
[1784717385.707] WP_SKIP  target=(-4.30,1.50)  robot=(-3.38,0.00)  elapsed=4.5s  best_nav_dist=inf  last_nav_dist=inf  consecutive=17
[1784717385.708] WP_SET  target=(-4.10,1.70)  robot=(-3.38,0.00)  dist=1.84
[1784717390.147] WP_SKIP  target=(-4.10,1.70)  robot=(-3.38,0.00)  elapsed=4.4s  best_nav_dist=inf  last_nav_dist=inf  consecutive=18
[1784717390.148] WP_SET  target=(-4.30,0.10)  robot=(-3.38,0.00)  dist=0.92
[1784717394.722] WP_SKIP  target=(-4.30,0.10)  robot=(-3.38,0.00)  elapsed=4.6s  best_nav_dist=inf  last_nav_dist=inf  consecutive=19
[1784717394.724] WP_SET  target=(-4.30,-1.10)  robot=(-3.38,0.00)  dist=1.43
[1784717402.116] WP_SKIP  target=(-4.30,-1.10)  robot=(-3.34,-0.07)  elapsed=7.4s  best_nav_dist=1.45  last_nav_dist=1.45  consecutive=20
[1784717402.118] WP_SET  target=(-4.30,-0.10)  robot=(-3.34,-0.07)  dist=0.96
[1784717406.680] WP_ADVANCE  target=(-4.30,-0.10)  nav_dist=0.94  visited=3
[1784717406.711] WP_SET  target=(-4.30,0.90)  robot=(-3.37,0.05)  dist=1.26
[1784717413.844] WP_SKIP  target=(-4.30,0.90)  robot=(-3.29,0.12)  elapsed=7.1s  best_nav_dist=1.28  last_nav_dist=1.28  consecutive=1
[1784717413.845] WP_SET  target=(-4.30,-5.10)  robot=(-3.29,0.12)  dist=5.32
[1784717418.522] WP_SKIP  target=(-4.30,-5.10)  robot=(-3.46,-0.89)  elapsed=4.7s  best_nav_dist=inf  last_nav_dist=inf  consecutive=2
[1784717418.523] WP_SET  target=(-4.30,-1.90)  robot=(-3.46,-0.89)  dist=1.31
[1784717423.255] WP_SKIP  target=(-4.30,-1.90)  robot=(-3.58,-1.10)  elapsed=4.7s  best_nav_dist=inf  last_nav_dist=inf  consecutive=3
[1784717423.256] WP_SET  target=(-4.30,-2.10)  robot=(-3.58,-1.10)  dist=1.23
[1784717432.619] WP_SKIP  target=(-4.30,-2.10)  robot=(-3.34,-0.22)  elapsed=9.4s  best_nav_dist=1.77  last_nav_dist=2.06  consecutive=4
[1784717432.620] WP_SET  target=(-3.30,1.70)  robot=(-3.34,-0.22)  dist=1.92
[1784717440.280] WP_SKIP  target=(-3.30,1.70)  robot=(-3.15,0.13)  elapsed=7.7s  best_nav_dist=1.58  last_nav_dist=1.58  consecutive=5
[1784717440.281] WP_SET  target=(-3.50,1.70)  robot=(-3.15,0.13)  dist=1.61
[1784717444.956] WP_SKIP  target=(-3.50,1.70)  robot=(-3.15,0.13)  elapsed=4.7s  best_nav_dist=inf  last_nav_dist=inf  consecutive=6
[1784717444.957] WP_SET  target=(-4.30,-1.30)  robot=(-3.15,0.13)  dist=1.84
[1784717448.890] WP_SKIP  target=(-4.30,-1.30)  robot=(-3.25,-0.03)  elapsed=3.9s  best_nav_dist=inf  last_nav_dist=inf  consecutive=7
[1784717448.891] WP_SET  target=(-4.30,-2.70)  robot=(-3.25,-0.03)  dist=2.87
[1784717457.746] WP_SKIP  target=(-4.30,-2.70)  robot=(-3.16,-0.09)  elapsed=8.9s  best_nav_dist=1.65  last_nav_dist=1.66  consecutive=8
[1784717457.747] WP_SET  target=(-4.30,1.30)  robot=(-3.16,-0.09)  dist=1.80
[1784717467.409] WP_SKIP  target=(-4.30,1.30)  robot=(-3.17,0.13)  elapsed=9.7s  best_nav_dist=1.60  last_nav_dist=1.63  consecutive=9
[1784717467.410] WP_SET  target=(-1.90,1.50)  robot=(-3.17,0.13)  dist=1.86
[1784717473.931] WP_SKIP  target=(-1.90,1.50)  robot=(-3.08,0.22)  elapsed=6.5s  best_nav_dist=1.59  last_nav_dist=1.75  consecutive=10
[1784717473.932] WP_SET  target=(-2.30,1.50)  robot=(-3.08,0.22)  dist=1.50
[1784717478.063] WP_SKIP  target=(-2.30,1.50)  robot=(-3.08,0.22)  elapsed=4.1s  best_nav_dist=inf  last_nav_dist=inf  consecutive=11
[1784717478.064] WP_SET  target=(-3.90,-5.30)  robot=(-3.08,0.22)  dist=5.58
[1784717482.859] WP_SKIP  target=(-3.90,-5.30)  robot=(-3.36,-0.67)  elapsed=4.8s  best_nav_dist=inf  last_nav_dist=inf  consecutive=12
[1784717482.860] WP_SET  target=(-4.30,-1.70)  robot=(-3.36,-0.67)  dist=1.39
[1784717487.000] WP_SKIP  target=(-4.30,-1.70)  robot=(-3.53,-1.49)  elapsed=4.2s  best_nav_dist=inf  last_nav_dist=inf  consecutive=13
[1784717487.001] WP_SET  target=(-4.30,-1.50)  robot=(-3.53,-1.49)  dist=0.77
[1784717494.933] WP_SKIP  target=(-4.30,-1.50)  robot=(-3.43,-0.23)  elapsed=7.9s  best_nav_dist=1.25  last_nav_dist=1.46  consecutive=14
[1784717494.934] WP_SET  target=(-4.30,-2.30)  robot=(-3.43,-0.23)  dist=2.24
[1784717502.260] WP_SKIP  target=(-4.30,-2.30)  robot=(-3.19,-0.15)  elapsed=7.3s  best_nav_dist=1.53  last_nav_dist=2.39  consecutive=15
[1784717502.261] WP_SET  target=(-3.10,1.70)  robot=(-3.19,-0.15)  dist=1.85
[1784717510.075] WP_SKIP  target=(-3.10,1.70)  robot=(-3.07,0.18)  elapsed=7.8s  best_nav_dist=1.59  last_nav_dist=1.59  consecutive=16
[1784717510.076] WP_SET  target=(3.30,1.70)  robot=(-3.07,0.18)  dist=6.55
[1784717514.047] WP_SKIP  target=(3.30,1.70)  robot=(-1.38,0.55)  elapsed=4.0s  best_nav_dist=inf  last_nav_dist=inf  consecutive=17
[1784717514.048] WP_SET  target=(-2.50,1.50)  robot=(-1.38,0.55)  dist=1.47
[1784717518.588] WP_SKIP  target=(-2.50,1.50)  robot=(-0.51,0.46)  elapsed=4.5s  best_nav_dist=inf  last_nav_dist=inf  consecutive=18
[1784717518.589] WP_SET  target=(-3.70,-5.30)  robot=(-0.51,0.46)  dist=6.58
[1784717524.099] WP_SKIP  target=(-3.70,-5.30)  robot=(-0.06,-2.19)  elapsed=5.5s  best_nav_dist=inf  last_nav_dist=inf  consecutive=19
[1784717524.100] WP_SET  target=(1.50,-5.30)  robot=(-0.06,-2.19)  dist=3.48
[1784717528.257] WP_SKIP  target=(1.50,-5.30)  robot=(0.15,-3.50)  elapsed=4.2s  best_nav_dist=inf  last_nav_dist=inf  consecutive=20
[1784717528.259] WP_SET  target=(-0.10,-5.30)  robot=(0.15,-3.50)  dist=1.82
[1784717537.992] WP_SKIP  target=(-0.10,-5.30)  robot=(0.24,-3.50)  elapsed=9.7s  best_nav_dist=2.23  last_nav_dist=2.23  consecutive=21
[1784717537.993] WP_SET  target=(-0.70,-5.10)  robot=(0.24,-3.50)  dist=1.85
[1784717551.188] WP_SKIP  target=(-0.70,-5.10)  robot=(-0.11,-3.50)  elapsed=13.2s  best_nav_dist=1.71  last_nav_dist=1.71  consecutive=22
[1784717551.190] WP_SET  target=(0.10,-5.30)  robot=(-0.11,-3.50)  dist=1.81
[1784717555.565] WP_SKIP  target=(0.10,-5.30)  robot=(-0.11,-3.50)  elapsed=4.4s  best_nav_dist=inf  last_nav_dist=inf  consecutive=23
[1784717555.567] WP_SET  target=(-2.50,-5.30)  robot=(-0.11,-3.50)  dist=2.99
[1784717559.852] WP_SKIP  target=(-2.50,-5.30)  robot=(-0.11,-3.50)  elapsed=4.3s  best_nav_dist=inf  last_nav_dist=inf  consecutive=24
[1784717559.853] WP_SET  target=(-4.10,-5.10)  robot=(-0.11,-3.50)  dist=4.30
[1784717564.059] WP_SKIP  target=(-4.10,-5.10)  robot=(-0.11,-3.50)  elapsed=4.2s  best_nav_dist=inf  last_nav_dist=inf  consecutive=25
[1784717564.061] DONE  visited=3  skipped=46  reason=max_consecutive_skips
